Product: MDK-ARM Standard 5.10
Component: ARM Compiler 5.04 update 1 (build 49)
Tool: armlink [5040049]

==============================================================================

Section Cross References

    system_stm32f10x.o(.text) refers to system_stm32f10x.o(.data) for SystemCoreClock
    startup_stm32f10x_hd.o(STACK) refers (Special) to heapauxi.o(.text) for __use_two_region_memory
    startup_stm32f10x_hd.o(HEAP) refers (Special) to heapauxi.o(.text) for __use_two_region_memory
    startup_stm32f10x_hd.o(RESET) refers (Special) to heapauxi.o(.text) for __use_two_region_memory
    startup_stm32f10x_hd.o(RESET) refers to startup_stm32f10x_hd.o(STACK) for __initial_sp
    startup_stm32f10x_hd.o(RESET) refers to startup_stm32f10x_hd.o(.text) for Reset_Handler
    startup_stm32f10x_hd.o(RESET) refers to stm32f10x_it.o(.text) for NMI_Handler
    startup_stm32f10x_hd.o(RESET) refers to kernelprocess.o(.text) for EXTI0_IRQHandler
    startup_stm32f10x_hd.o(RESET) refers to wirelessconnect.o(.text) for EXTI4_IRQHandler
    startup_stm32f10x_hd.o(RESET) refers to comcommunicate.o(.text) for USART1_IRQHandler
    startup_stm32f10x_hd.o(.text) refers (Special) to heapauxi.o(.text) for __use_two_region_memory
    startup_stm32f10x_hd.o(.text) refers to system_stm32f10x.o(.text) for SystemInit
    startup_stm32f10x_hd.o(.text) refers to __main.o(!!!main) for __main
    startup_stm32f10x_hd.o(.text) refers to startup_stm32f10x_hd.o(HEAP) for Heap_Mem
    startup_stm32f10x_hd.o(.text) refers to startup_stm32f10x_hd.o(STACK) for Stack_Mem
    stm32f10x_adc.o(.text) refers to stm32f10x_rcc.o(.text) for RCC_APB2PeriphResetCmd
    stm32f10x_bkp.o(.text) refers to stm32f10x_rcc.o(.text) for RCC_BackupResetCmd
    stm32f10x_cec.o(.text) refers to stm32f10x_rcc.o(.text) for RCC_APB1PeriphResetCmd
    stm32f10x_dac.o(.text) refers to stm32f10x_rcc.o(.text) for RCC_APB1PeriphResetCmd
    stm32f10x_gpio.o(.text) refers to stm32f10x_rcc.o(.text) for RCC_APB2PeriphResetCmd
    stm32f10x_pwr.o(.text) refers to stm32f10x_rcc.o(.text) for RCC_APB1PeriphResetCmd
    stm32f10x_rcc.o(.text) refers to stm32f10x_rcc.o(.data) for APBAHBPrescTable
    stm32f10x_tim.o(.text) refers to stm32f10x_rcc.o(.text) for RCC_APB2PeriphResetCmd
    stm32f10x_usart.o(.text) refers to stm32f10x_rcc.o(.text) for RCC_APB2PeriphResetCmd
    comcommunicate.o(.text) refers to stm32f10x_rcc.o(.text) for RCC_APB1PeriphClockCmd
    comcommunicate.o(.text) refers to stm32f10x_gpio.o(.text) for GPIO_Init
    comcommunicate.o(.text) refers to misc.o(.text) for NVIC_Init
    comcommunicate.o(.text) refers to stm32f10x_usart.o(.text) for USART_Init
    comcommunicate.o(.text) refers to system_stm32f10x.o(.text) for SystemInit
    comcommunicate.o(.text) refers to comcommunicate.o(.data) for uGetDegreeIndex
    comcommunicate.o(.text) refers to comcommunicate.o(.bss) for uBuffer
    wheelctrl.o(.text) refers to publicdatactrl.o(.text) for Data_SetWheelsDirections
    wheelctrl.o(.text) refers to stm32f10x_gpio.o(.text) for GPIO_SetBits
    wheelctrl.o(.text) refers to system_stm32f10x.o(.text) for SystemInit
    wheelctrl.o(.text) refers to stm32f10x_rcc.o(.text) for RCC_APB2PeriphClockCmd
    wheelctrl.o(.text) refers to stm32f10x_tim.o(.text) for TIM_TimeBaseInit
    publicdatactrl.o(.text) refers to publicdatactrl.o(.bss) for carInfo
    obstacledeal.o(.text) refers to stm32f10x_rcc.o(.text) for RCC_APB2PeriphClockCmd
    obstacledeal.o(.text) refers to stm32f10x_gpio.o(.text) for GPIO_Init
    obstacledeal.o(.text) refers to stm32f10x_exti.o(.text) for EXTI_Init
    obstacledeal.o(.text) refers to misc.o(.text) for NVIC_Init
    wirelessconnect.o(.text) refers to time.o(.text) for delay_ms
    wirelessconnect.o(.text) refers to comcommunicate.o(.text) for COM_SendMessageToWINCC
    wirelessconnect.o(.text) refers to publicdatactrl.o(.text) for GetWheelSpeed
    wirelessconnect.o(.text) refers to fmul.o(x$fpl$fmul) for __aeabi_fmul
    wirelessconnect.o(.text) refers to ffixu.o(x$fpl$ffixu) for __aeabi_f2uiz
    wirelessconnect.o(.text) refers to comcommunicate.o(.data) for IsCarRegistered
    wirelessconnect.o(.text) refers to wirelessconnect.o(.data) for ApplyToRegister
    wirelessconnect.o(.text) refers to comcommunicate.o(.bss) for uBuffer
    wirelessconnect.o(.text) refers to wirelessconnect.o(.bss) for TempCache
    wirelessconnect.o(.text) refers to kernelprocess.o(.data) for EmergencyStop
    carrunctrl.o(.text) refers to wheelctrl.o(.text) for Wheel_SetRunSpeed
    carrunctrl.o(.text) refers to time.o(.text) for delay_ms
    generalctrl.o(.text) refers to misc.o(.text) for NVIC_Init
    generalctrl.o(.text) refers to comcommunicate.o(.text) for COM_DriverInit
    generalctrl.o(.text) refers to wheelctrl.o(.text) for Wheel_DriverInit
    generalctrl.o(.text) refers to obstacledeal.o(.text) for Obstacle_DriverInit
    directionmodel.o(.text) refers to comcommunicate.o(.text) for COM_SendMessageToOuterDevice
[...]
    ../clib/angel/boardlib.s                 0x00000000   Number         0  boardinit1.o ABSOLUTE
    ../clib/angel/boardlib.s                 0x00000000   Number         0  boardshut.o ABSOLUTE
    ../clib/angel/handlers.s                 0x00000000   Number         0  __scatter_copy.o ABSOLUTE
    ../clib/angel/handlers.s                 0x00000000   Number         0  __scatter_zi.o ABSOLUTE
    ../clib/angel/kernel.s                   0x00000000   Number         0  rtentry2.o ABSOLUTE
    ../clib/angel/kernel.s                   0x00000000   Number         0  rtentry4.o ABSOLUTE
    ../clib/angel/kernel.s                   0x00000000   Number         0  rtexit.o ABSOLUTE
    ../clib/angel/kernel.s                   0x00000000   Number         0  rtexit2.o ABSOLUTE
    ../clib/angel/kernel.s                   0x00000000   Number         0  rtentry.o ABSOLUTE
    ../clib/angel/rt.s                       0x00000000   Number         0  rt_raise.o ABSOLUTE
    ../clib/angel/scatter.s                  0x00000000   Number         0  __scatter.o ABSOLUTE
    ../clib/angel/startup.s                  0x00000000   Number         0  __main.o ABSOLUTE
    ../clib/angel/sys.s                      0x00000000   Number         0  sys_stackheap_outer.o ABSOLUTE
    ../clib/angel/sys.s                      0x00000000   Number         0  libspace.o ABSOLUTE
    ../clib/angel/sys.s                      0x00000000   Number         0  use_no_semi.o ABSOLUTE
    ../clib/angel/sys.s                      0x00000000   Number         0  indicate_semi.o ABSOLUTE
    ../clib/angel/sysapp.c                   0x00000000   Number         0  sys_wrch.o ABSOLUTE
    ../clib/angel/sysapp.c                   0x00000000   Number         0  sys_exit.o ABSOLUTE
    ../clib/angel/sysapp.c                   0x00000000   Number         0  sys_command.o ABSOLUTE
    ../clib/armsys.c                         0x00000000   Number         0  argv_veneer.o ABSOLUTE
    ../clib/armsys.c                         0x00000000   Number         0  argv_veneer.o ABSOLUTE
    ../clib/armsys.c                         0x00000000   Number         0  _get_argv_nomalloc.o ABSOLUTE
    ../clib/armsys.c                         0x00000000   Number         0  no_argv.o ABSOLUTE
    ../clib/heapalloc.c                      0x00000000   Number         0  hrguard.o ABSOLUTE
    ../clib/heapaux.c                        0x00000000   Number         0  heapauxi.o ABSOLUTE
    ../clib/libinit.s                        0x00000000   Number         0  libshutdown2.o ABSOLUTE
    ../clib/libinit.s                        0x00000000   Number         0  libinit2.o ABSOLUTE
    ../clib/libinit.s                        0x00000000   Number         0  libshutdown.o ABSOLUTE
    ../clib/libinit.s                        0x00000000   Number         0  libinit.o ABSOLUTE
    ../clib/signal.c                         0x00000000   Number         0  __raise.o ABSOLUTE
    ../clib/signal.c                         0x00000000   Number         0  defsig_abrt_inner.o ABSOLUTE
    ../clib/signal.c                         0x00000000   Number         0  defsig_fpe_inner.o ABSOLUTE
    ../clib/signal.c                         0x00000000   Number         0  defsig_rtred_inner.o ABSOLUTE
    ../clib/signal.c                         0x00000000   Number         0  defsig_stak_inner.o ABSOLUTE
    ../clib/signal.c                         0x00000000   Number         0  defsig_pvfn_inner.o ABSOLUTE
    ../clib/signal.c                         0x00000000   Number         0  defsig_cppl_inner.o ABSOLUTE
    ../clib/signal.c                         0x00000000   Number         0  defsig_segv_inner.o ABSOLUTE
    ../clib/signal.c                         0x00000000   Number         0  defsig_other.o ABSOLUTE
    ../clib/signal.c                         0x00000000   Number         0  defsig_rtmem_inner.o ABSOLUTE
    ../clib/signal.c                         0x00000000   Number         0  defsig_exit.o ABSOLUTE
    ../clib/signal.c                         0x00000000   Number         0  defsig_rtmem_formal.o ABSOLUTE
    ../clib/signal.c                         0x00000000   Number         0  defsig_rtmem_outer.o ABSOLUTE
    ../clib/signal.c                         0x00000000   Number         0  defsig_general.o ABSOLUTE
    ../clib/signal.s                         0x00000000   Number         0  defsig.o ABSOLUTE
    ../clib/stdlib.c                         0x00000000   Number         0  exit.o ABSOLUTE
    ../fplib/d2f.s                           0x00000000   Number         0  d2f.o ABSOLUTE
    ../fplib/daddsub.s                       0x00000000   Number         0  daddsub_clz.o ABSOLUTE
    ../fplib/dcheck1.s                       0x00000000   Number         0  dcheck1.o ABSOLUTE
    ../fplib/ddiv.s                          0x00000000   Number         0  ddiv.o ABSOLUTE
    ../fplib/dmul.s                          0x00000000   Number         0  dmul.o ABSOLUTE
    ../fplib/dnaninf.s                       0x00000000   Number         0  dnaninf.o ABSOLUTE
    ../fplib/dretinf.s                       0x00000000   Number         0  dretinf.o ABSOLUTE
    ../fplib/f2d.s                           0x00000000   Number         0  f2d.o ABSOLUTE
    ../fplib/faddsub.s                       0x00000000   Number         0  faddsub_clz.o ABSOLUTE
    ../fplib/fcmpi.s                         0x00000000   Number         0  fcmpi.o ABSOLUTE
    ../fplib/fdiv.s                          0x00000000   Number         0  fdiv.o ABSOLUTE
    ../fplib/ffixu.s                         0x00000000   Number         0  ffixu.o ABSOLUTE
    ../fplib/fflt.s                          0x00000000   Number         0  fflt_clz.o ABSOLUTE
    ../fplib/fleqf.s                         0x00000000   Number         0  fleqf.o ABSOLUTE
    ../fplib/fmul.s                          0x00000000   Number         0  fmul.o ABSOLUTE
    ../fplib/fnaninf.s                       0x00000000   Number         0  fnaninf.o ABSOLUTE
    ../fplib/fpinit.s                        0x00000000   Number         0  fpinit.o ABSOLUTE
    ../fplib/fretinf.s                       0x00000000   Number         0  fretinf.o ABSOLUTE
    ../fplib/frleqf.s                        0x00000000   Number         0  frleqf.o ABSOLUTE
    ../fplib/retnan.s                        0x00000000   Number         0  retnan.o ABSOLUTE
    ../fplib/scalbn.s                        0x00000000   Number         0  scalbn.o ABSOLUTE
    ../fplib/trapv.s                         0x00000000   Number         0  trapv.o ABSOLUTE
    ../fplib/usenofp.s                       0x00000000   Number         0  usenofp.o ABSOLUTE
    ../mathlib/atan.c                        0x00000000   Number         0  atan.o ABSOLUTE
    ../mathlib/atan.c                        0x00000000   Number         0  atan_x.o ABSOLUTE
    ../mathlib/dunder.c                      0x00000000   Number         0  dunder.o ABSOLUTE
    ../mathlib/fpclassify.c                  0x00000000   Number         0  fpclassify.o ABSOLUTE
    ../mathlib/poly.c                        0x00000000   Number         0  poly.o ABSOLUTE
    Library\CMSIS\CM3\CoreSupport\core_cm3.c 0x00000000   Number         0  core_cm3.o ABSOLUTE
    Library\CMSIS\CM3\DeviceSupport\ST\STM32F10x\startup\arm\startup_stm32f10x_hd.s 0x00000000   Number         0  startup_stm32f10x_hd.o ABSOLUTE
    Library\CMSIS\CM3\DeviceSupport\ST\STM32F10x\system_stm32f10x.c 0x00000000   Number         0  system_stm32f10x.o ABSOLUTE
    Library\STM32F10x_StdPeriph_Driver\src\misc.c 0x00000000   Number         0  misc.o ABSOLUTE
    Library\STM32F10x_StdPeriph_Driver\src\stm32f10x_adc.c 0x00000000   Number         0  stm32f10x_adc.o ABSOLUTE
    Library\STM32F10x_StdPeriph_Driver\src\stm32f10x_bkp.c 0x00000000   Number         0  stm32f10x_bkp.o ABSOLUTE
    Library\STM32F10x_StdPeriph_Driver\src\stm32f10x_cec.c 0x00000000   Number         0  stm32f10x_cec.o ABSOLUTE
    Library\STM32F10x_StdPeriph_Driver\src\stm32f10x_crc.c 0x00000000   Number         0  stm32f10x_crc.o ABSOLUTE
    Library\STM32F10x_StdPeriph_Driver\src\stm32f10x_dac.c 0x00000000   Number         0  stm32f10x_dac.o ABSOLUTE
    Library\STM32F10x_StdPeriph_Driver\src\stm32f10x_dbgmcu.c 0x00000000   Number         0  stm32f10x_dbgmcu.o ABSOLUTE
    Library\STM32F10x_StdPeriph_Driver\src\stm32f10x_exti.c 0x00000000   Number         0  stm32f10x_exti.o ABSOLUTE
    Library\STM32F10x_StdPeriph_Driver\src\stm32f10x_flash.c 0x00000000   Number         0  stm32f10x_flash.o ABSOLUTE
    Library\STM32F10x_StdPeriph_Driver\src\stm32f10x_fsmc.c 0x00000000   Number         0  stm32f10x_fsmc.o ABSOLUTE
    Library\STM32F10x_StdPeriph_Driver\src\stm32f10x_gpio.c 0x00000000   Number         0  stm32f10x_gpio.o ABSOLUTE
    Library\STM32F10x_StdPeriph_Driver\src\stm32f10x_iwdg.c 0x00000000   Number         0  stm32f10x_iwdg.o ABSOLUTE
    Library\STM32F10x_StdPeriph_Driver\src\stm32f10x_pwr.c 0x00000000   Number         0  stm32f10x_pwr.o ABSOLUTE
    Library\STM32F10x_StdPeriph_Driver\src\stm32f10x_rcc.c 0x00000000   Number         0  stm32f10x_rcc.o ABSOLUTE
    Library\STM32F10x_StdPeriph_Driver\src\stm32f10x_rtc.c 0x00000000   Number         0  stm32f10x_rtc.o ABSOLUTE
    Library\STM32F10x_StdPeriph_Driver\src\stm32f10x_sdio.c 0x00000000   Number         0  stm32f10x_sdio.o ABSOLUTE
    Library\STM32F10x_StdPeriph_Driver\src\stm32f10x_tim.c 0x00000000   Number         0  stm32f10x_tim.o ABSOLUTE
    Library\STM32F10x_StdPeriph_Driver\src\stm32f10x_usart.c 0x00000000   Number         0  stm32f10x_usart.o ABSOLUTE
    Library\\CMSIS\\CM3\\CoreSupport\\core_cm3.c 0x00000000   Number         0  core_cm3.o ABSOLUTE
    dc.s                                     0x00000000   Number         0  dc.o ABSOLUTE
    user\api\CarRunCtrl.c                    0x00000000   Number         0  carrunctrl.o ABSOLUTE
    user\api\DirectionModel.c                0x00000000   Number         0  directionmodel.o ABSOLUTE
    user\api\GeneralCtrl.c                   0x00000000   Number         0  generalctrl.o ABSOLUTE
    user\api\WirelessConnect.c               0x00000000   Number         0  wirelessconnect.o ABSOLUTE
    user\driver\COMCommunicate.c             0x00000000   Number         0  comcommunicate.o ABSOLUTE
    user\driver\ObstacleDeal.c               0x00000000   Number         0  obstacledeal.o ABSOLUTE
    user\driver\PublicDataCtrl.c             0x00000000   Number         0  publicdatactrl.o ABSOLUTE
    user\driver\Time.c                       0x00000000   Number         0  time.o ABSOLUTE
    user\driver\WheelCtrl.c                  0x00000000   Number         0  wheelctrl.o ABSOLUTE
    user\driver\stm32f10x_it.c               0x00000000   Number         0  stm32f10x_it.o ABSOLUTE
    user\function\Functions.c                0x00000000   Number         0  functions.o ABSOLUTE
    user\function\KernelProcess.c            0x00000000   Number         0  kernelprocess.o ABSOLUTE
    user\function\main.c                     0x00000000   Number         0  main.o ABSOLUTE
    RESET                                    0x08000000   Section      304  startup_stm32f10x_hd.o(RESET)
    !!!main                                  0x08000130   Section        8  __main.o(!!!main)
    !!!scatter                               0x08000138   Section       52  __scatter.o(!!!scatter)
    !!handler_copy                           0x0800016c   Section       26  __scatter_copy.o(!!handler_copy)
    !!handler_zi                             0x08000188   Section       28  __scatter_zi.o(!!handler_zi)
    .ARM.Collect$$libinit$$00000000          0x080001a4   Section        2  libinit.o(.ARM.Collect$$libinit$$00000000)
    .ARM.Collect$$libinit$$00000002          0x080001a6   Section        0  libinit2.o(.ARM.Collect$$libinit$$00000002)
    .ARM.Collect$$libinit$$00000008          0x080001a6   Section        0  libinit2.o(.ARM.Collect$$libinit$$00000008)
    .ARM.Collect$$libinit$$0000000A          0x080001a6   Section        0  libinit2.o(.ARM.Collect$$libinit$$0000000A)
    .ARM.Collect$$libinit$$0000000C          0x080001a6   Section        0  libinit2.o(.ARM.Collect$$libinit$$0000000C)
    .ARM.Collect$$libinit$$0000000F          0x080001a6   Section        0  libinit2.o(.ARM.Collect$$libinit$$0000000F)
    .ARM.Collect$$libinit$$00000011          0x080001a6   Section        0  libinit2.o(.ARM.Collect$$libinit$$00000011)
    .ARM.Collect$$libinit$$00000013          0x080001a6   Section        0  libinit2.o(.ARM.Collect$$libinit$$00000013)
    .ARM.Collect$$libinit$$00000015          0x080001a6   Section        0  libinit2.o(.ARM.Collect$$libinit$$00000015)
    .ARM.Collect$$libinit$$00000017          0x080001a6   Section        0  libinit2.o(.ARM.Collect$$libinit$$00000017)
    .ARM.Collect$$libinit$$00000019          0x080001a6   Section        0  libinit2.o(.ARM.Collect$$libinit$$00000019)
    .ARM.Collect$$libinit$$0000001B          0x080001a6   Section        0  libinit2.o(.ARM.Collect$$libinit$$0000001B)
    .ARM.Collect$$libinit$$0000001D          0x080001a6   Section        0  libinit2.o(.ARM.Collect$$libinit$$0000001D)
    .ARM.Collect$$libinit$$0000001F          0x080001a6   Section        0  libinit2.o(.ARM.Collect$$libinit$$0000001F)
    .ARM.Collect$$libinit$$00000021          0x080001a6   Section        0  libinit2.o(.ARM.Collect$$libinit$$00000021)
    .ARM.Collect$$libinit$$00000023          0x080001a6   Section        0  libinit2.o(.ARM.Collect$$libinit$$00000023)
    .ARM.Collect$$libinit$$0000002A          0x080001a6   Section        0  libinit2.o(.ARM.Collect$$libinit$$0000002A)
    .ARM.Collect$$libinit$$0000002C          0x080001a6   Section        0  libinit2.o(.ARM.Collect$$libinit$$0000002C)
    .ARM.Collect$$libinit$$0000002E          0x080001a6   Section        0  libinit2.o(.ARM.Collect$$libinit$$0000002E)
    .ARM.Collect$$libinit$$00000030          0x080001a6   Section        0  libinit2.o(.ARM.Collect$$libinit$$00000030)
    .ARM.Collect$$libinit$$00000031          0x080001a6   Section        2  libinit2.o(.ARM.Collect$$libinit$$00000031)
    .ARM.Collect$$libshutdown$$00000000      0x080001a8   Section        2  libshutdown.o(.ARM.Collect$$libshutdown$$00000000)
    .ARM.Collect$$libshutdown$$00000003      0x080001aa   Section        0  libshutdown2.o(.ARM.Collect$$libshutdown$$00000003)
    .ARM.Collect$$libshutdown$$00000006      0x080001aa   Section        0  libshutdown2.o(.ARM.Collect$$libshutdown$$00000006)
    .ARM.Collect$$libshutdown$$00000009      0x080001aa   Section        0  libshutdown2.o(.ARM.Collect$$libshutdown$$00000009)
    .ARM.Collect$$libshutdown$$0000000B      0x080001aa   Section        0  libshutdown2.o(.ARM.Collect$$libshutdown$$0000000B)
    .ARM.Collect$$libshutdown$$0000000E      0x080001aa   Section        0  libshutdown2.o(.ARM.Collect$$libshutdown$$0000000E)
    .ARM.Collect$$libshutdown$$0000000F      0x080001aa   Section        2  libshutdown2.o(.ARM.Collect$$libshutdown$$0000000F)
    .ARM.Collect$$rtentry$$00000000          0x080001ac   Section        0  rtentry.o(.ARM.Collect$$rtentry$$00000000)
    .ARM.Collect$$rtentry$$00000002          0x080001ac   Section        0  rtentry2.o(.ARM.Collect$$rtentry$$00000002)
    .ARM.Collect$$rtentry$$00000004          0x080001ac   Section        6  rtentry4.o(.ARM.Collect$$rtentry$$00000004)
    .ARM.Collect$$rtentry$$00000009          0x080001b2   Section        0  rtentry2.o(.ARM.Collect$$rtentry$$00000009)
    .ARM.Collect$$rtentry$$0000000A          0x080001b2   Section        4  rtentry2.o(.ARM.Collect$$rtentry$$0000000A)
    .ARM.Collect$$rtentry$$0000000C          0x080001b6   Section        0  rtentry2.o(.ARM.Collect$$rtentry$$0000000C)
    .ARM.Collect$$rtentry$$0000000D          0x080001b6   Section        8  rtentry2.o(.ARM.Collect$$rtentry$$0000000D)
    .ARM.Collect$$rtexit$$00000000           0x080001be   Section        2  rtexit.o(.ARM.Collect$$rtexit$$00000000)
    .ARM.Collect$$rtexit$$00000002           0x080001c0   Section        0  rtexit2.o(.ARM.Collect$$rtexit$$00000002)
    .ARM.Collect$$rtexit$$00000003           0x080001c0   Section        4  rtexit2.o(.ARM.Collect$$rtexit$$00000003)
    .ARM.Collect$$rtexit$$00000004           0x080001c4   Section        6  rtexit2.o(.ARM.Collect$$rtexit$$00000004)
    .text                                    0x080001cc   Section        0  system_stm32f10x.o(.text)
    SetSysClockTo72                          0x080001cd   Thumb Code   214  system_stm32f10x.o(.text)
    SetSysClock                              0x080002a3   Thumb Code     8  system_stm32f10x.o(.text)
    .text                                    0x080003ac   Section       64  startup_stm32f10x_hd.o(.text)
    .text                                    0x080003ec   Section        0  misc.o(.text)
    .text                                    0x080004c8   Section        0  stm32f10x_exti.o(.text)
    .text                                    0x080005e4   Section        0  stm32f10x_gpio.o(.text)
    .text                                    0x08000940   Section        0  stm32f10x_rcc.o(.text)
    .text                                    0x08000ce4   Section        0  stm32f10x_tim.o(.text)
    TI4_Config                               0x0800118b   Thumb Code   130  stm32f10x_tim.o(.text)
    TI3_Config                               0x0800121f   Thumb Code   122  stm32f10x_tim.o(.text)
    TI2_Config                               0x080012b3   Thumb Code   130  stm32f10x_tim.o(.text)
    TI1_Config                               0x08001347   Thumb Code   108  stm32f10x_tim.o(.text)
    .text                                    0x08001b00   Section        0  stm32f10x_usart.o(.text)
    .text                                    0x08001f08   Section        0  comcommunicate.o(.text)
    .text                                    0x08002274   Section        0  stm32f10x_it.o(.text)
    .text                                    0x08002290   Section        0  wheelctrl.o(.text)
    .text                                    0x080024ec   Section        0  publicdatactrl.o(.text)
    .text                                    0x08002684   Section        0  time.o(.text)
    .text                                    0x080026c4   Section        0  wirelessconnect.o(.text)
    .text                                    0x08002c84   Section        0  carrunctrl.o(.text)
    .text                                    0x08002d08   Section        0  directionmodel.o(.text)
    .text                                    0x08002dac   Section        0  main.o(.text)
    .text                                    0x08002e04   Section        0  kernelprocess.o(.text)
    .text                                    0x080033bc   Section        0  heapauxi.o(.text)
    .text                                    0x080033c2   Section       74  sys_stackheap_outer.o(.text)
    .text                                    0x0800340c   Section        0  exit.o(.text)
    .text                                    0x08003418   Section        8  libspace.o(.text)
    .text                                    0x08003420   Section        0  sys_exit.o(.text)
    .text                                    0x0800342c   Section        2  use_no_semi.o(.text)
    .text                                    0x0800342e   Section        0  indicate_semi.o(.text)
    i.__ARM_fpclassify                       0x0800342e   Section        0  fpclassify.o(i.__ARM_fpclassify)
    i.__kernel_poly                          0x08003456   Section        0  poly.o(i.__kernel_poly)
    i.__mathlib_dbl_underflow                0x08003500   Section        0  dunder.o(i.__mathlib_dbl_underflow)
    i.atan                                   0x08003510   Section        0  atan.o(i.atan)
    x$fpl$d2f                                0x08003734   Section       98  d2f.o(x$fpl$d2f)
    x$fpl$dadd                               0x08003798   Section      336  daddsub_clz.o(x$fpl$dadd)
    _dadd1                                   0x080037a9   Thumb Code     0  daddsub_clz.o(x$fpl$dadd)
    x$fpl$dcheck1                            0x080038e8   Section       16  dcheck1.o(x$fpl$dcheck1)
    x$fpl$ddiv                               0x080038f8   Section      688  ddiv.o(x$fpl$ddiv)
    ddiv_entry                               0x080038ff   Thumb Code     0  ddiv.o(x$fpl$ddiv)
    x$fpl$dmul                               0x08003ba8   Section      340  dmul.o(x$fpl$dmul)
    x$fpl$dnaninf                            0x08003cfc   Section      156  dnaninf.o(x$fpl$dnaninf)
    x$fpl$dretinf                            0x08003d98   Section       12  dretinf.o(x$fpl$dretinf)
    x$fpl$drsb                               0x08003da4   Section       22  daddsub_clz.o(x$fpl$drsb)
    x$fpl$dsub                               0x08003dbc   Section      468  daddsub_clz.o(x$fpl$dsub)
    _dsub1                                   0x08003dcd   Thumb Code     0  daddsub_clz.o(x$fpl$dsub)
    x$fpl$f2d                                0x08003f90   Section       86  f2d.o(x$fpl$f2d)
    x$fpl$fadd                               0x08003fe8   Section      196  faddsub_clz.o(x$fpl$fadd)
    _fadd1                                   0x08003ff7   Thumb Code     0  faddsub_clz.o(x$fpl$fadd)
    x$fpl$fcmpinf                            0x080040ac   Section       24  fcmpi.o(x$fpl$fcmpinf)
    x$fpl$fdiv                               0x080040c4   Section      388  fdiv.o(x$fpl$fdiv)
    _fdiv1                                   0x080040c5   Thumb Code     0  fdiv.o(x$fpl$fdiv)
    x$fpl$ffixu                              0x08004248   Section       62  ffixu.o(x$fpl$ffixu)
    x$fpl$fflt                               0x08004288   Section       48  fflt_clz.o(x$fpl$fflt)
    x$fpl$ffltu                              0x080042b8   Section       38  fflt_clz.o(x$fpl$ffltu)
    x$fpl$fleqf                              0x080042e0   Section      104  fleqf.o(x$fpl$fleqf)
    x$fpl$fmul                               0x08004348   Section      258  fmul.o(x$fpl$fmul)
    x$fpl$fnaninf                            0x0800444a   Section      140  fnaninf.o(x$fpl$fnaninf)
    x$fpl$fretinf                            0x080044d6   Section       10  fretinf.o(x$fpl$fretinf)
    x$fpl$frleqf                             0x080044e0   Section       98  frleqf.o(x$fpl$frleqf)
    x$fpl$frsb                               0x08004542   Section       20  faddsub_clz.o(x$fpl$frsb)
    x$fpl$fsub                               0x08004558   Section      234  faddsub_clz.o(x$fpl$fsub)
    _fsub1                                   0x08004567   Thumb Code     0  faddsub_clz.o(x$fpl$fsub)
    x$fpl$retnan                             0x08004642   Section      100  retnan.o(x$fpl$retnan)
    x$fpl$scalbn                             0x080046a6   Section       92  scalbn.o(x$fpl$scalbn)
    x$fpl$trapveneer                         0x08004702   Section       48  trapv.o(x$fpl$trapveneer)
    x$fpl$usenofp                            0x08004732   Section        0  usenofp.o(x$fpl$usenofp)
    .constdata                               0x08004738   Section      152  atan.o(.constdata)
    atanhi                                   0x08004738   Data          32  atan.o(.constdata)
    atanlo                                   0x08004758   Data          32  atan.o(.constdata)
    aTodd                                    0x08004778   Data          40  atan.o(.constdata)
    aTeven                                   0x080047a0   Data          48  atan.o(.constdata)
    .data                                    0x20000000   Section       20  system_stm32f10x.o(.data)
    .data                                    0x20000014   Section       20  stm32f10x_rcc.o(.data)
    APBAHBPrescTable                         0x20000014   Data          16  stm32f10x_rcc.o(.data)
    ADCPrescTable                            0x20000024   Data           4  stm32f10x_rcc.o(.data)
    .data                                    0x20000028   Section       13  comcommunicate.o(.data)
    .data                                    0x20000038   Section       40  wirelessconnect.o(.data)
    .data                                    0x20000060   Section       15  directionmodel.o(.data)
    .data                                    0x2000006f   Section        2  kernelprocess.o(.data)
    .bss                                     0x20000074   Section       15  comcommunicate.o(.bss)
    .bss                                     0x20000084   Section       16  publicdatactrl.o(.bss)
    .bss                                     0x20000094   Section      175  wirelessconnect.o(.bss)
    .bss                                     0x20000144   Section       96  functions.o(.bss)
    .bss                                     0x200001a4   Section       96  libspace.o(.bss)
    HEAP                                     0x20000208   Section      512  startup_stm32f10x_hd.o(HEAP)
    Heap_Mem                                 0x20000208   Data         512  startup_stm32f10x_hd.o(HEAP)
    STACK                                    0x20000408   Section     1024  startup_stm32f10x_hd.o(STACK)
    Stack_Mem                                0x20000408   Data        1024  startup_stm32f10x_hd.o(STACK)
    __initial_sp                             0x20000808   Data           0  startup_stm32f10x_hd.o(STACK)

    Global Symbols

    Symbol Name                              Value     Ov Type        Size  Object(Section)

    BuildAttributes$$THM_ISAv4$P$D$K$B$S$PE$A:L22UL41UL21$X:L11$S22US41US21$IEEE1$IW$USESV6$~STKCKD$USESV7$~SHL$OTIME$ROPI$IEEEX$EBA8$UX$STANDARDLIB$REQ8$PRES8$EABIv2 0x00000000   Number         0  anon$$obj.o ABSOLUTE
    __ARM_use_no_argv                        0x00000000   Number         0  main.o ABSOLUTE
    __ARM_exceptions_init                     - Undefined Weak Reference
    __alloca_initialize                       - Undefined Weak Reference
    __cpp_initialize__aeabi_                  - Undefined Weak Reference
    __cxa_finalize                            - Undefined Weak Reference
    __rt_locale                               - Undefined Weak Reference
    __sigvec_lookup                           - Undefined Weak Reference
    _atexit_init                              - Undefined Weak Reference
    _call_atexit_fns                          - Undefined Weak Reference
    _clock_init                               - Undefined Weak Reference
    _fp_trap_init                             - Undefined Weak Reference
    _fp_trap_shutdown                         - Undefined Weak Reference
    _get_lc_collate                           - Undefined Weak Reference
    _get_lc_ctype                             - Undefined Weak Reference
    _get_lc_monetary                          - Undefined Weak Reference
    _get_lc_numeric                           - Undefined Weak Reference
    _get_lc_time                              - Undefined Weak Reference
    _getenv_init                              - Undefined Weak Reference
    _handle_redirection                       - Undefined Weak Reference
    _init_alloc                               - Undefined Weak Reference
    _init_user_alloc                          - Undefined Weak Reference
    _initio                                   - Undefined Weak Reference
    _rand_init                                - Undefined Weak Reference
    _signal_finish                            - Undefined Weak Reference
    _signal_init                              - Undefined Weak Reference
    _terminate_alloc                          - Undefined Weak Reference
    _terminate_user_alloc                     - Undefined Weak Reference
    _terminateio                              - Undefined Weak Reference
    __Vectors_Size                           0x00000130   Number         0  startup_stm32f10x_hd.o ABSOLUTE
    __Vectors                                0x08000000   Data           4  startup_stm32f10x_hd.o(RESET)
    __Vectors_End                            0x08000130   Data           0  startup_stm32f10x_hd.o(RESET)
    __main                                   0x08000131   Thumb Code     8  __main.o(!!!main)
    __scatterload                            0x08000139   Thumb Code     0  __scatter.o(!!!scatter)
    __scatterload_rt2                        0x08000139   Thumb Code    44  __scatter.o(!!!scatter)
    __scatterload_rt2_thumb_only             0x08000139   Thumb Code     0  __scatter.o(!!!scatter)
    __scatterload_null                       0x08000147   Thumb Code     0  __scatter.o(!!!scatter)
    __scatterload_copy                       0x0800016d   Thumb Code    26  __scatter_copy.o(!!handler_copy)
    __scatterload_zeroinit                   0x08000189   Thumb Code    28  __scatter_zi.o(!!handler_zi)
    __rt_lib_init                            0x080001a5   Thumb Code     0  libinit.o(.ARM.Collect$$libinit$$00000000)
    __rt_lib_init_alloca_1                   0x080001a7   Thumb Code     0  libinit2.o(.ARM.Collect$$libinit$$0000002C)
    __rt_lib_init_argv_1                     0x080001a7   Thumb Code     0  libinit2.o(.ARM.Collect$$libinit$$0000002A)
    __rt_lib_init_atexit_1                   0x080001a7   Thumb Code     0  libinit2.o(.ARM.Collect$$libinit$$00000019)
    __rt_lib_init_clock_1                    0x080001a7   Thumb Code     0  libinit2.o(.ARM.Collect$$libinit$$0000001F)
    __rt_lib_init_cpp_1                      0x080001a7   Thumb Code     0  libinit2.o(.ARM.Collect$$libinit$$00000030)
    __rt_lib_init_exceptions_1               0x080001a7   Thumb Code     0  libinit2.o(.ARM.Collect$$libinit$$0000002E)
    __rt_lib_init_fp_1                       0x080001a7   Thumb Code     0  libinit2.o(.ARM.Collect$$libinit$$00000002)
    __rt_lib_init_fp_trap_1                  0x080001a7   Thumb Code     0  libinit2.o(.ARM.Collect$$libinit$$0000001D)
    __rt_lib_init_getenv_1                   0x080001a7   Thumb Code     0  libinit2.o(.ARM.Collect$$libinit$$00000021)
    __rt_lib_init_heap_1                     0x080001a7   Thumb Code     0  libinit2.o(.ARM.Collect$$libinit$$00000008)
    __rt_lib_init_lc_collate_1               0x080001a7   Thumb Code     0  libinit2.o(.ARM.Collect$$libinit$$0000000F)
    __rt_lib_init_lc_ctype_1                 0x080001a7   Thumb Code     0  libinit2.o(.ARM.Collect$$libinit$$00000011)
    __rt_lib_init_lc_monetary_1              0x080001a7   Thumb Code     0  libinit2.o(.ARM.Collect$$libinit$$00000013)
    __rt_lib_init_lc_numeric_1               0x080001a7   Thumb Code     0  libinit2.o(.ARM.Collect$$libinit$$00000015)
    __rt_lib_init_lc_time_1                  0x080001a7   Thumb Code     0  libinit2.o(.ARM.Collect$$libinit$$00000017)
    __rt_lib_init_rand_1                     0x080001a7   Thumb Code     0  libinit2.o(.ARM.Collect$$libinit$$0000000C)
    __rt_lib_init_return                     0x080001a7   Thumb Code     0  libinit2.o(.ARM.Collect$$libinit$$00000031)
    __rt_lib_init_signal_1                   0x080001a7   Thumb Code     0  libinit2.o(.ARM.Collect$$libinit$$0000001B)
    __rt_lib_init_stdio_1                    0x080001a7   Thumb Code     0  libinit2.o(.ARM.Collect$$libinit$$00000023)
    __rt_lib_init_user_alloc_1               0x080001a7   Thumb Code     0  libinit2.o(.ARM.Collect$$libinit$$0000000A)
    __rt_lib_shutdown                        0x080001a9   Thumb Code     0  libshutdown.o(.ARM.Collect$$libshutdown$$00000000)
    __rt_lib_shutdown_fp_trap_1              0x080001ab   Thumb Code     0  libshutdown2.o(.ARM.Collect$$libshutdown$$00000006)
    __rt_lib_shutdown_heap_1                 0x080001ab   Thumb Code     0  libshutdown2.o(.ARM.Collect$$libshutdown$$0000000E)
    __rt_lib_shutdown_return                 0x080001ab   Thumb Code     0  libshutdown2.o(.ARM.Collect$$libshutdown$$0000000F)
    __rt_lib_shutdown_signal_1               0x080001ab   Thumb Code     0  libshutdown2.o(.ARM.Collect$$libshutdown$$00000009)
    __rt_lib_shutdown_stdio_1                0x080001ab   Thumb Code     0  libshutdown2.o(.ARM.Collect$$libshutdown$$00000003)
    __rt_lib_shutdown_user_alloc_1           0x080001ab   Thumb Code     0  libshutdown2.o(.ARM.Collect$$libshutdown$$0000000B)
    __rt_entry                               0x080001ad   Thumb Code     0  rtentry.o(.ARM.Collect$$rtentry$$00000000)
    __rt_entry_presh_1                       0x080001ad   Thumb Code     0  rtentry2.o(.ARM.Collect$$rtentry$$00000002)
    __rt_entry_sh                            0x080001ad   Thumb Code     0  rtentry4.o(.ARM.Collect$$rtentry$$00000004)
    __rt_entry_li                            0x080001b3   Thumb Code     0  rtentry2.o(.ARM.Collect$$rtentry$$0000000A)
    __rt_entry_postsh_1                      0x080001b3   Thumb Code     0  rtentry2.o(.ARM.Collect$$rtentry$$00000009)
    __rt_entry_main                          0x080001b7   Thumb Code     0  rtentry2.o(.ARM.Collect$$rtentry$$0000000D)
    __rt_entry_postli_1                      0x080001b7   Thumb Code     0  rtentry2.o(.ARM.Collect$$rtentry$$0000000C)
    __rt_exit                                0x080001bf   Thumb Code     0  rtexit.o(.ARM.Collect$$rtexit$$00000000)
    __rt_exit_ls                             0x080001c1   Thumb Code     0  rtexit2.o(.ARM.Collect$$rtexit$$00000003)
    __rt_exit_prels_1                        0x080001c1   Thumb Code     0  rtexit2.o(.ARM.Collect$$rtexit$$00000002)
    __rt_exit_exit                           0x080001c5   Thumb Code     0  rtexit2.o(.ARM.Collect$$rtexit$$00000004)
    SystemInit                               0x080002ab   Thumb Code    78  system_stm32f10x.o(.text)
    SystemCoreClockUpdate                    0x080002f9   Thumb Code   142  system_stm32f10x.o(.text)
    Reset_Handler                            0x080003ad   Thumb Code     8  startup_stm32f10x_hd.o(.text)
    ADC1_2_IRQHandler                        0x080003c7   Thumb Code     0  startup_stm32f10x_hd.o(.text)
    ADC3_IRQHandler                          0x080003c7   Thumb Code     0  startup_stm32f10x_hd.o(.text)
    CAN1_RX1_IRQHandler                      0x080003c7   Thumb Code     0  startup_stm32f10x_hd.o(.text)
    CAN1_SCE_IRQHandler                      0x080003c7   Thumb Code     0  startup_stm32f10x_hd.o(.text)
    DMA1_Channel1_IRQHandler                 0x080003c7   Thumb Code     0  startup_stm32f10x_hd.o(.text)
    DMA1_Channel2_IRQHandler                 0x080003c7   Thumb Code     0  startup_stm32f10x_hd.o(.text)
    DMA1_Channel3_IRQHandler                 0x080003c7   Thumb Code     0  startup_stm32f10x_hd.o(.text)
    DMA1_Channel4_IRQHandler                 0x080003c7   Thumb Code     0  startup_stm32f10x_hd.o(.text)
    DMA1_Channel5_IRQHandler                 0x080003c7   Thumb Code     0  startup_stm32f10x_hd.o(.text)
    DMA1_Channel6_IRQHandler                 0x080003c7   Thumb Code     0  startup_stm32f10x_hd.o(.text)
    DMA1_Channel7_IRQHandler                 0x080003c7   Thumb Code     0  startup_stm32f10x_hd.o(.text)
    DMA2_Channel1_IRQHandler                 0x080003c7   Thumb Code     0  startup_stm32f10x_hd.o(.text)
    DMA2_Channel2_IRQHandler                 0x080003c7   Thumb Code     0  startup_stm32f10x_hd.o(.text)
    DMA2_Channel3_IRQHandler                 0x080003c7   Thumb Code     0  startup_stm32f10x_hd.o(.text)
    DMA2_Channel4_5_IRQHandler               0x080003c7   Thumb Code     0  startup_stm32f10x_hd.o(.text)
    EXTI15_10_IRQHandler                     0x080003c7   Thumb Code     0  startup_stm32f10x_hd.o(.text)
    EXTI1_IRQHandler                         0x080003c7   Thumb Code     0  startup_stm32f10x_hd.o(.text)
    EXTI2_IRQHandler                         0x080003c7   Thumb Code     0  startup_stm32f10x_hd.o(.text)
    EXTI3_IRQHandler                         0x080003c7   Thumb Code     0  startup_stm32f10x_hd.o(.text)
    EXTI9_5_IRQHandler                       0x080003c7   Thumb Code     0  startup_stm32f10x_hd.o(.text)
    FLASH_IRQHandler                         0x080003c7   Thumb Code     0  startup_stm32f10x_hd.o(.text)
    FSMC_IRQHandler                          0x080003c7   Thumb Code     0  startup_stm32f10x_hd.o(.text)
    I2C1_ER_IRQHandler                       0x080003c7   Thumb Code     0  startup_stm32f10x_hd.o(.text)
    I2C1_EV_IRQHandler                       0x080003c7   Thumb Code     0  startup_stm32f10x_hd.o(.text)
    I2C2_ER_IRQHandler                       0x080003c7   Thumb Code     0  startup_stm32f10x_hd.o(.text)
    I2C2_EV_IRQHandler                       0x080003c7   Thumb Code     0  startup_stm32f10x_hd.o(.text)
    PVD_IRQHandler                           0x080003c7   Thumb Code     0  startup_stm32f10x_hd.o(.text)
    RCC_IRQHandler                           0x080003c7   Thumb Code     0  startup_stm32f10x_hd.o(.text)
    RTCAlarm_IRQHandler                      0x080003c7   Thumb Code     0  startup_stm32f10x_hd.o(.text)
    RTC_IRQHandler                           0x080003c7   Thumb Code     0  startup_stm32f10x_hd.o(.text)
    SDIO_IRQHandler                          0x080003c7   Thumb Code     0  startup_stm32f10x_hd.o(.text)
    SPI1_IRQHandler                          0x080003c7   Thumb Code     0  startup_stm32f10x_hd.o(.text)
    SPI2_IRQHandler                          0x080003c7   Thumb Code     0  startup_stm32f10x_hd.o(.text)
    SPI3_IRQHandler                          0x080003c7   Thumb Code     0  startup_stm32f10x_hd.o(.text)
    TAMPER_IRQHandler                        0x080003c7   Thumb Code     0  startup_stm32f10x_hd.o(.text)
    TIM1_BRK_IRQHandler                      0x080003c7   Thumb Code     0  startup_stm32f10x_hd.o(.text)
    TIM1_CC_IRQHandler                       0x080003c7   Thumb Code     0  startup_stm32f10x_hd.o(.text)
    TIM1_TRG_COM_IRQHandler                  0x080003c7   Thumb Code     0  startup_stm32f10x_hd.o(.text)
    TIM1_UP_IRQHandler                       0x080003c7   Thumb Code     0  startup_stm32f10x_hd.o(.text)
    TIM2_IRQHandler                          0x080003c7   Thumb Code     0  startup_stm32f10x_hd.o(.text)
    TIM3_IRQHandler                          0x080003c7   Thumb Code     0  startup_stm32f10x_hd.o(.text)
    TIM4_IRQHandler                          0x080003c7   Thumb Code     0  startup_stm32f10x_hd.o(.text)
    TIM5_IRQHandler                          0x080003c7   Thumb Code     0  startup_stm32f10x_hd.o(.text)
    TIM6_IRQHandler                          0x080003c7   Thumb Code     0  startup_stm32f10x_hd.o(.text)
    TIM7_IRQHandler                          0x080003c7   Thumb Code     0  startup_stm32f10x_hd.o(.text)
    TIM8_BRK_IRQHandler                      0x080003c7   Thumb Code     0  startup_stm32f10x_hd.o(.text)
    TIM8_CC_IRQHandler                       0x080003c7   Thumb Code     0  startup_stm32f10x_hd.o(.text)
    TIM8_TRG_COM_IRQHandler                  0x080003c7   Thumb Code     0  startup_stm32f10x_hd.o(.text)
    TIM8_UP_IRQHandler                       0x080003c7   Thumb Code     0  startup_stm32f10x_hd.o(.text)
    UART4_IRQHandler                         0x080003c7   Thumb Code     0  startup_stm32f10x_hd.o(.text)
    UART5_IRQHandler                         0x080003c7   Thumb Code     0  startup_stm32f10x_hd.o(.text)
    USART3_IRQHandler                        0x080003c7   Thumb Code     0  startup_stm32f10x_hd.o(.text)
    USBWakeUp_IRQHandler                     0x080003c7   Thumb Code     0  startup_stm32f10x_hd.o(.text)
    USB_HP_CAN1_TX_IRQHandler                0x080003c7   Thumb Code     0  startup_stm32f10x_hd.o(.text)
    USB_LP_CAN1_RX0_IRQHandler               0x080003c7   Thumb Code     0  startup_stm32f10x_hd.o(.text)
    WWDG_IRQHandler                          0x080003c7   Thumb Code     0  startup_stm32f10x_hd.o(.text)
    __user_initial_stackheap                 0x080003c9   Thumb Code     0  startup_stm32f10x_hd.o(.text)
    NVIC_PriorityGroupConfig                 0x080003ed   Thumb Code    10  misc.o(.text)
    NVIC_Init                                0x080003f7   Thumb Code   100  misc.o(.text)
    NVIC_SetVectorTable                      0x0800045b   Thumb Code    14  misc.o(.text)
    NVIC_SystemLPConfig                      0x08000469   Thumb Code    34  misc.o(.text)
    SysTick_CLKSourceConfig                  0x0800048b   Thumb Code    40  misc.o(.text)
    EXTI_DeInit                              0x080004c9   Thumb Code    28  stm32f10x_exti.o(.text)
    EXTI_Init                                0x080004e5   Thumb Code   142  stm32f10x_exti.o(.text)
    EXTI_StructInit                          0x08000573   Thumb Code    16  stm32f10x_exti.o(.text)
    EXTI_GenerateSWInterrupt                 0x08000583   Thumb Code    16  stm32f10x_exti.o(.text)
    EXTI_GetFlagStatus                       0x08000593   Thumb Code    22  stm32f10x_exti.o(.text)
    EXTI_ClearFlag                           0x080005a9   Thumb Code     8  stm32f10x_exti.o(.text)
    EXTI_GetITStatus                         0x080005b1   Thumb Code    34  stm32f10x_exti.o(.text)
    EXTI_ClearITPendingBit                   0x080005d3   Thumb Code     8  stm32f10x_exti.o(.text)
    GPIO_DeInit                              0x080005e5   Thumb Code   172  stm32f10x_gpio.o(.text)
    GPIO_AFIODeInit                          0x08000691   Thumb Code    20  stm32f10x_gpio.o(.text)
    GPIO_Init                                0x080006a5   Thumb Code   278  stm32f10x_gpio.o(.text)
    GPIO_StructInit                          0x080007bb   Thumb Code    16  stm32f10x_gpio.o(.text)
    GPIO_ReadInputDataBit                    0x080007cb   Thumb Code    18  stm32f10x_gpio.o(.text)
    GPIO_ReadInputData                       0x080007dd   Thumb Code     8  stm32f10x_gpio.o(.text)
    GPIO_ReadOutputDataBit                   0x080007e5   Thumb Code    18  stm32f10x_gpio.o(.text)
    GPIO_ReadOutputData                      0x080007f7   Thumb Code     8  stm32f10x_gpio.o(.text)
    GPIO_SetBits                             0x080007ff   Thumb Code     4  stm32f10x_gpio.o(.text)
    GPIO_ResetBits                           0x08000803   Thumb Code     4  stm32f10x_gpio.o(.text)
    GPIO_WriteBit                            0x08000807   Thumb Code    10  stm32f10x_gpio.o(.text)
    GPIO_Write                               0x08000811   Thumb Code     4  stm32f10x_gpio.o(.text)
    GPIO_PinLockConfig                       0x08000815   Thumb Code    18  stm32f10x_gpio.o(.text)
    GPIO_EventOutputConfig                   0x08000827   Thumb Code    26  stm32f10x_gpio.o(.text)
    GPIO_EventOutputCmd                      0x08000841   Thumb Code     6  stm32f10x_gpio.o(.text)
    GPIO_PinRemapConfig                      0x08000847   Thumb Code   138  stm32f10x_gpio.o(.text)
    GPIO_EXTILineConfig                      0x080008d1   Thumb Code    66  stm32f10x_gpio.o(.text)
    GPIO_ETH_MediaInterfaceConfig            0x08000913   Thumb Code     8  stm32f10x_gpio.o(.text)
    RCC_DeInit                               0x08000941   Thumb Code    64  stm32f10x_rcc.o(.text)
    RCC_HSEConfig                            0x08000981   Thumb Code    70  stm32f10x_rcc.o(.text)
    RCC_GetFlagStatus                        0x080009c7   Thumb Code    56  stm32f10x_rcc.o(.text)
    RCC_WaitForHSEStartUp                    0x080009ff   Thumb Code    56  stm32f10x_rcc.o(.text)
    RCC_AdjustHSICalibrationValue            0x08000a37   Thumb Code    20  stm32f10x_rcc.o(.text)
    RCC_HSICmd                               0x08000a4b   Thumb Code     6  stm32f10x_rcc.o(.text)
    RCC_PLLConfig                            0x08000a51   Thumb Code    24  stm32f10x_rcc.o(.text)
    RCC_PLLCmd                               0x08000a69   Thumb Code     6  stm32f10x_rcc.o(.text)
    RCC_SYSCLKConfig                         0x08000a6f   Thumb Code    18  stm32f10x_rcc.o(.text)
    RCC_GetSYSCLKSource                      0x08000a81   Thumb Code    10  stm32f10x_rcc.o(.text)
    RCC_HCLKConfig                           0x08000a8b   Thumb Code    18  stm32f10x_rcc.o(.text)
    RCC_PCLK1Config                          0x08000a9d   Thumb Code    18  stm32f10x_rcc.o(.text)
    RCC_PCLK2Config                          0x08000aaf   Thumb Code    20  stm32f10x_rcc.o(.text)
    RCC_ITConfig                             0x08000ac3   Thumb Code    26  stm32f10x_rcc.o(.text)
    RCC_USBCLKConfig                         0x08000add   Thumb Code     8  stm32f10x_rcc.o(.text)
    RCC_ADCCLKConfig                         0x08000ae5   Thumb Code    18  stm32f10x_rcc.o(.text)
    RCC_LSEConfig                            0x08000af7   Thumb Code    50  stm32f10x_rcc.o(.text)
    RCC_LSICmd                               0x08000b29   Thumb Code     6  stm32f10x_rcc.o(.text)
    RCC_RTCCLKConfig                         0x08000b2f   Thumb Code    12  stm32f10x_rcc.o(.text)
    RCC_RTCCLKCmd                            0x08000b3b   Thumb Code     8  stm32f10x_rcc.o(.text)
    RCC_GetClocksFreq                        0x08000b43   Thumb Code   192  stm32f10x_rcc.o(.text)
    RCC_AHBPeriphClockCmd                    0x08000c03   Thumb Code    26  stm32f10x_rcc.o(.text)
    RCC_APB2PeriphClockCmd                   0x08000c1d   Thumb Code    26  stm32f10x_rcc.o(.text)
    RCC_APB1PeriphClockCmd                   0x08000c37   Thumb Code    26  stm32f10x_rcc.o(.text)
    RCC_APB2PeriphResetCmd                   0x08000c51   Thumb Code    26  stm32f10x_rcc.o(.text)
    RCC_APB1PeriphResetCmd                   0x08000c6b   Thumb Code    26  stm32f10x_rcc.o(.text)
    RCC_BackupResetCmd                       0x08000c85   Thumb Code     8  stm32f10x_rcc.o(.text)
    RCC_ClockSecuritySystemCmd               0x08000c8d   Thumb Code     6  stm32f10x_rcc.o(.text)
    RCC_MCOConfig                            0x08000c93   Thumb Code     6  stm32f10x_rcc.o(.text)
    RCC_ClearFlag                            0x08000c99   Thumb Code    14  stm32f10x_rcc.o(.text)
    RCC_GetITStatus                          0x08000ca7   Thumb Code    20  stm32f10x_rcc.o(.text)
    RCC_ClearITPendingBit                    0x08000cbb   Thumb Code     6  stm32f10x_rcc.o(.text)
    TIM_DeInit                               0x08000ce5   Thumb Code   424  stm32f10x_tim.o(.text)
    TIM_TimeBaseInit                         0x08000e8d   Thumb Code   122  stm32f10x_tim.o(.text)
    TIM_OC1Init                              0x08000f07   Thumb Code   132  stm32f10x_tim.o(.text)
    TIM_OC2Init                              0x08000f8b   Thumb Code   154  stm32f10x_tim.o(.text)
    TIM_OC3Init                              0x08001025   Thumb Code   150  stm32f10x_tim.o(.text)
    TIM_OC4Init                              0x080010bb   Thumb Code   182  stm32f10x_tim.o(.text)
    TIM_SetIC4Prescaler                      0x08001171   Thumb Code    26  stm32f10x_tim.o(.text)
    TIM_SetIC3Prescaler                      0x0800120d   Thumb Code    18  stm32f10x_tim.o(.text)
    TIM_SetIC2Prescaler                      0x08001299   Thumb Code    26  stm32f10x_tim.o(.text)
    TIM_SetIC1Prescaler                      0x08001335   Thumb Code    18  stm32f10x_tim.o(.text)
    TIM_ICInit                               0x080013b3   Thumb Code   150  stm32f10x_tim.o(.text)
    TIM_PWMIConfig                           0x08001449   Thumb Code   124  stm32f10x_tim.o(.text)
    TIM_BDTRConfig                           0x080014c5   Thumb Code    32  stm32f10x_tim.o(.text)
    TIM_TimeBaseStructInit                   0x080014e5   Thumb Code    18  stm32f10x_tim.o(.text)
    TIM_OCStructInit                         0x080014f7   Thumb Code    20  stm32f10x_tim.o(.text)
    TIM_ICStructInit                         0x0800150b   Thumb Code    18  stm32f10x_tim.o(.text)
    TIM_BDTRStructInit                       0x0800151d   Thumb Code    40  stm32f10x_tim.o(.text)
    TIM_Cmd                                  0x08001545   Thumb Code    24  stm32f10x_tim.o(.text)
    TIM_CtrlPWMOutputs                       0x0800155d   Thumb Code    30  stm32f10x_tim.o(.text)
    TIM_ITConfig                             0x0800157b   Thumb Code    18  stm32f10x_tim.o(.text)
    TIM_GenerateEvent                        0x0800158d   Thumb Code     4  stm32f10x_tim.o(.text)
    TIM_DMAConfig                            0x08001591   Thumb Code    10  stm32f10x_tim.o(.text)
    TIM_DMACmd                               0x0800159b   Thumb Code    18  stm32f10x_tim.o(.text)
    TIM_InternalClockConfig                  0x080015ad   Thumb Code    12  stm32f10x_tim.o(.text)
    TIM_SelectInputTrigger                   0x080015b9   Thumb Code    18  stm32f10x_tim.o(.text)
    TIM_ITRxExternalClockConfig              0x080015cb   Thumb Code    24  stm32f10x_tim.o(.text)
    TIM_TIxExternalClockConfig               0x080015e3   Thumb Code    62  stm32f10x_tim.o(.text)
    TIM_ETRConfig                            0x08001621   Thumb Code    28  stm32f10x_tim.o(.text)
    TIM_ETRClockMode1Config                  0x0800163d   Thumb Code    54  stm32f10x_tim.o(.text)
    TIM_ETRClockMode2Config                  0x08001673   Thumb Code    32  stm32f10x_tim.o(.text)
    TIM_PrescalerConfig                      0x08001693   Thumb Code     6  stm32f10x_tim.o(.text)
    TIM_CounterModeConfig                    0x08001699   Thumb Code    18  stm32f10x_tim.o(.text)
    TIM_EncoderInterfaceConfig               0x080016ab   Thumb Code    66  stm32f10x_tim.o(.text)
    TIM_ForcedOC1Config                      0x080016ed   Thumb Code    18  stm32f10x_tim.o(.text)
    TIM_ForcedOC2Config                      0x080016ff   Thumb Code    26  stm32f10x_tim.o(.text)
    TIM_ForcedOC3Config                      0x08001719   Thumb Code    18  stm32f10x_tim.o(.text)
    TIM_ForcedOC4Config                      0x0800172b   Thumb Code    26  stm32f10x_tim.o(.text)
    TIM_ARRPreloadConfig                     0x08001745   Thumb Code    24  stm32f10x_tim.o(.text)
    TIM_SelectCOM                            0x0800175d   Thumb Code    24  stm32f10x_tim.o(.text)
    TIM_SelectCCDMA                          0x08001775   Thumb Code    24  stm32f10x_tim.o(.text)
    TIM_CCPreloadControl                     0x0800178d   Thumb Code    24  stm32f10x_tim.o(.text)
    TIM_OC1PreloadConfig                     0x080017a5   Thumb Code    18  stm32f10x_tim.o(.text)
    TIM_OC2PreloadConfig                     0x080017b7   Thumb Code    26  stm32f10x_tim.o(.text)
    TIM_OC3PreloadConfig                     0x080017d1   Thumb Code    18  stm32f10x_tim.o(.text)
    TIM_OC4PreloadConfig                     0x080017e3   Thumb Code    26  stm32f10x_tim.o(.text)
    TIM_OC1FastConfig                        0x080017fd   Thumb Code    18  stm32f10x_tim.o(.text)
    TIM_OC2FastConfig                        0x0800180f   Thumb Code    26  stm32f10x_tim.o(.text)
    TIM_OC3FastConfig                        0x08001829   Thumb Code    18  stm32f10x_tim.o(.text)
    TIM_OC4FastConfig                        0x0800183b   Thumb Code    26  stm32f10x_tim.o(.text)
    TIM_ClearOC1Ref                          0x08001855   Thumb Code    18  stm32f10x_tim.o(.text)
    TIM_ClearOC2Ref                          0x08001867   Thumb Code    24  stm32f10x_tim.o(.text)
    TIM_ClearOC3Ref                          0x0800187f   Thumb Code    18  stm32f10x_tim.o(.text)
    TIM_ClearOC4Ref                          0x08001891   Thumb Code    24  stm32f10x_tim.o(.text)
    TIM_OC1PolarityConfig                    0x080018a9   Thumb Code    18  stm32f10x_tim.o(.text)
    TIM_OC1NPolarityConfig                   0x080018bb   Thumb Code    18  stm32f10x_tim.o(.text)
    TIM_OC2PolarityConfig                    0x080018cd   Thumb Code    26  stm32f10x_tim.o(.text)
    TIM_OC2NPolarityConfig                   0x080018e7   Thumb Code    26  stm32f10x_tim.o(.text)
    TIM_OC3PolarityConfig                    0x08001901   Thumb Code    26  stm32f10x_tim.o(.text)
    TIM_OC3NPolarityConfig                   0x0800191b   Thumb Code    26  stm32f10x_tim.o(.text)
    TIM_OC4PolarityConfig                    0x08001935   Thumb Code    26  stm32f10x_tim.o(.text)
    TIM_CCxCmd                               0x0800194f   Thumb Code    30  stm32f10x_tim.o(.text)
    TIM_CCxNCmd                              0x0800196d   Thumb Code    30  stm32f10x_tim.o(.text)
    TIM_SelectOCxM                           0x0800198b   Thumb Code    82  stm32f10x_tim.o(.text)
    TIM_UpdateDisableConfig                  0x080019dd   Thumb Code    24  stm32f10x_tim.o(.text)
    TIM_UpdateRequestConfig                  0x080019f5   Thumb Code    24  stm32f10x_tim.o(.text)
    TIM_SelectHallSensor                     0x08001a0d   Thumb Code    24  stm32f10x_tim.o(.text)
    TIM_SelectOnePulseMode                   0x08001a25   Thumb Code    18  stm32f10x_tim.o(.text)
    TIM_SelectOutputTrigger                  0x08001a37   Thumb Code    18  stm32f10x_tim.o(.text)
    TIM_SelectSlaveMode                      0x08001a49   Thumb Code    18  stm32f10x_tim.o(.text)
    TIM_SelectMasterSlaveMode                0x08001a5b   Thumb Code    18  stm32f10x_tim.o(.text)
    TIM_SetCounter                           0x08001a6d   Thumb Code     4  stm32f10x_tim.o(.text)
    TIM_SetAutoreload                        0x08001a71   Thumb Code     4  stm32f10x_tim.o(.text)
    TIM_SetCompare1                          0x08001a75   Thumb Code     4  stm32f10x_tim.o(.text)
    TIM_SetCompare2                          0x08001a79   Thumb Code     4  stm32f10x_tim.o(.text)
    TIM_SetCompare3                          0x08001a7d   Thumb Code     4  stm32f10x_tim.o(.text)
    TIM_SetCompare4                          0x08001a81   Thumb Code     6  stm32f10x_tim.o(.text)
    TIM_SetClockDivision                     0x08001a87   Thumb Code    18  stm32f10x_tim.o(.text)
    TIM_GetCapture1                          0x08001a99   Thumb Code     6  stm32f10x_tim.o(.text)
    TIM_GetCapture2                          0x08001a9f   Thumb Code     6  stm32f10x_tim.o(.text)
    TIM_GetCapture3                          0x08001aa5   Thumb Code     6  stm32f10x_tim.o(.text)
    TIM_GetCapture4                          0x08001aab   Thumb Code     8  stm32f10x_tim.o(.text)
    TIM_GetCounter                           0x08001ab3   Thumb Code     6  stm32f10x_tim.o(.text)
    TIM_GetPrescaler                         0x08001ab9   Thumb Code     6  stm32f10x_tim.o(.text)
    TIM_GetFlagStatus                        0x08001abf   Thumb Code    18  stm32f10x_tim.o(.text)
    TIM_ClearFlag                            0x08001ad1   Thumb Code     6  stm32f10x_tim.o(.text)
    TIM_GetITStatus                          0x08001ad7   Thumb Code    34  stm32f10x_tim.o(.text)
    TIM_ClearITPendingBit                    0x08001af9   Thumb Code     6  stm32f10x_tim.o(.text)
    USART_DeInit                             0x08001b01   Thumb Code   134  stm32f10x_usart.o(.text)
    USART_Init                               0x08001b87   Thumb Code   210  stm32f10x_usart.o(.text)
    USART_StructInit                         0x08001c59   Thumb Code    24  stm32f10x_usart.o(.text)
    USART_ClockInit                          0x08001c71   Thumb Code    34  stm32f10x_usart.o(.text)
    USART_ClockStructInit                    0x08001c93   Thumb Code    12  stm32f10x_usart.o(.text)
    USART_Cmd                                0x08001c9f   Thumb Code    24  stm32f10x_usart.o(.text)
    USART_ITConfig                           0x08001cb7   Thumb Code    74  stm32f10x_usart.o(.text)
    USART_DMACmd                             0x08001d01   Thumb Code    18  stm32f10x_usart.o(.text)
    USART_SetAddress                         0x08001d13   Thumb Code    18  stm32f10x_usart.o(.text)
    USART_WakeUpConfig                       0x08001d25   Thumb Code    18  stm32f10x_usart.o(.text)
    USART_ReceiverWakeUpCmd                  0x08001d37   Thumb Code    24  stm32f10x_usart.o(.text)
    USART_LINBreakDetectLengthConfig         0x08001d4f   Thumb Code    18  stm32f10x_usart.o(.text)
    USART_LINCmd                             0x08001d61   Thumb Code    24  stm32f10x_usart.o(.text)
    USART_SendData                           0x08001d79   Thumb Code     8  stm32f10x_usart.o(.text)
    USART_ReceiveData                        0x08001d81   Thumb Code    10  stm32f10x_usart.o(.text)
    USART_SendBreak                          0x08001d8b   Thumb Code    10  stm32f10x_usart.o(.text)
    USART_SetGuardTime                       0x08001d95   Thumb Code    16  stm32f10x_usart.o(.text)
    USART_SetPrescaler                       0x08001da5   Thumb Code    16  stm32f10x_usart.o(.text)
    USART_SmartCardCmd                       0x08001db5   Thumb Code    24  stm32f10x_usart.o(.text)
    USART_SmartCardNACKCmd                   0x08001dcd   Thumb Code    24  stm32f10x_usart.o(.text)
    USART_HalfDuplexCmd                      0x08001de5   Thumb Code    24  stm32f10x_usart.o(.text)
    USART_OverSampling8Cmd                   0x08001dfd   Thumb Code    22  stm32f10x_usart.o(.text)
    USART_OneBitMethodCmd                    0x08001e13   Thumb Code    24  stm32f10x_usart.o(.text)
    USART_IrDAConfig                         0x08001e2b   Thumb Code    18  stm32f10x_usart.o(.text)
    USART_IrDACmd                            0x08001e3d   Thumb Code    24  stm32f10x_usart.o(.text)
    USART_GetFlagStatus                      0x08001e55   Thumb Code    26  stm32f10x_usart.o(.text)
    USART_ClearFlag                          0x08001e6f   Thumb Code    18  stm32f10x_usart.o(.text)
    USART_GetITStatus                        0x08001e81   Thumb Code    84  stm32f10x_usart.o(.text)
    USART_ClearITPendingBit                  0x08001ed5   Thumb Code    52  stm32f10x_usart.o(.text)
    COM_OuterPortConfiguration               0x08001f09   Thumb Code   186  comcommunicate.o(.text)
    COM_WINCCPortConfiguration               0x08001fc3   Thumb Code   168  comcommunicate.o(.text)
    COM_InnerClockConfiguration              0x0800206b   Thumb Code     8  comcommunicate.o(.text)
    COM_DriverInit                           0x08002073   Thumb Code    16  comcommunicate.o(.text)
    COM_VariableInit                         0x08002083   Thumb Code     2  comcommunicate.o(.text)
    COM_SendMessageToWINCC                   0x08002085   Thumb Code    60  comcommunicate.o(.text)
    COM_SendMessageToOuterDevice             0x080020c1   Thumb Code    52  comcommunicate.o(.text)
    COM_OuterDeviceHandler                   0x080020f5   Thumb Code    64  comcommunicate.o(.text)
    SpecialMsgDeal                           0x08002135   Thumb Code    28  comcommunicate.o(.text)
    FeedBackToWINCC                          0x08002151   Thumb Code    12  comcommunicate.o(.text)
    COM_WINCCDeviceHandler                   0x0800215d   Thumb Code   206  comcommunicate.o(.text)
    USART1_IRQHandler                        0x0800222b   Thumb Code     8  comcommunicate.o(.text)
    USART2_IRQHandler                        0x08002233   Thumb Code     8  comcommunicate.o(.text)
    NMI_Handler                              0x08002275   Thumb Code     2  stm32f10x_it.o(.text)
    HardFault_Handler                        0x08002277   Thumb Code     4  stm32f10x_it.o(.text)
    MemManage_Handler                        0x0800227b   Thumb Code     4  stm32f10x_it.o(.text)
    BusFault_Handler                         0x0800227f   Thumb Code     4  stm32f10x_it.o(.text)
    UsageFault_Handler                       0x08002283   Thumb Code     4  stm32f10x_it.o(.text)
    SVC_Handler                              0x08002287   Thumb Code     2  stm32f10x_it.o(.text)
    DebugMon_Handler                         0x08002289   Thumb Code     2  stm32f10x_it.o(.text)
    PendSV_Handler                           0x0800228b   Thumb Code     2  stm32f10x_it.o(.text)
    SysTick_Handler                          0x0800228d   Thumb Code     2  stm32f10x_it.o(.text)
    Wheel_Direction_Forward                  0x08002291   Thumb Code    36  wheelctrl.o(.text)
    Wheel_DriverInit                         0x080022b5   Thumb Code   244  wheelctrl.o(.text)
    Wheel_SetRunSpeed                        0x080023a9   Thumb Code    50  wheelctrl.o(.text)
    Wheel_CarRun                             0x080023db   Thumb Code    18  wheelctrl.o(.text)
    Wheel_CarStop                            0x080023ed   Thumb Code    16  wheelctrl.o(.text)
    Wheel_Direction_Backward                 0x080023fd   Thumb Code    36  wheelctrl.o(.text)
    Wheel_SimpleTurnToLeft                   0x08002421   Thumb Code    48  wheelctrl.o(.text)
    Wheel_SimpleTurnToRight                  0x08002451   Thumb Code    48  wheelctrl.o(.text)
    Wheel_SimpleStopTurn                     0x08002481   Thumb Code     8  wheelctrl.o(.text)
    Wheel_SetAllWheelSpeed                   0x08002489   Thumb Code    80  wheelctrl.o(.text)
    InitBuffer                               0x080024ed   Thumb Code    44  publicdatactrl.o(.text)
    Data_SetSingleWheelSpeedAndDirection     0x08002519   Thumb Code    52  publicdatactrl.o(.text)
    Data_SetCarSpeedAndDirection             0x0800254d   Thumb Code    90  publicdatactrl.o(.text)
    Data_SetTasks                            0x080025a7   Thumb Code     6  publicdatactrl.o(.text)
    Data_SetTaskPresentIndex                 0x080025ad   Thumb Code     6  publicdatactrl.o(.text)
    Data_SetPresentYaw                       0x080025b3   Thumb Code     6  publicdatactrl.o(.text)
    Data_SetSingleWheelDirection             0x080025b9   Thumb Code    44  publicdatactrl.o(.text)
    Data_SetSingleWheelSpeed                 0x080025e5   Thumb Code    44  publicdatactrl.o(.text)
    Data_SetWheelsDirections                 0x08002611   Thumb Code    14  publicdatactrl.o(.text)
    Data_SetWheelsSpeeds                     0x0800261f   Thumb Code    14  publicdatactrl.o(.text)
    GetWheelSpeed                            0x0800262d   Thumb Code    46  publicdatactrl.o(.text)
    GetWheelDirection                        0x0800265b   Thumb Code    38  publicdatactrl.o(.text)
    delay_ms                                 0x08002685   Thumb Code    32  time.o(.text)
    InitTime                                 0x080026a5   Thumb Code    26  time.o(.text)
    ConnectToWINCC                           0x080026c5   Thumb Code    36  wirelessconnect.o(.text)
    CheckMsgBuffStatus                       0x080026e9   Thumb Code   288  wirelessconnect.o(.text)
    TryToGetMsgFromWINCC                     0x08002809   Thumb Code    98  wirelessconnect.o(.text)
    EXTI4_IRQHandler                         0x0800286b   Thumb Code    26  wirelessconnect.o(.text)
    SendCarRunStatusToWINCC                  0x08002885   Thumb Code   104  wirelessconnect.o(.text)
    SendCarTaskStatusToWINCC                 0x080028ed   Thumb Code   108  wirelessconnect.o(.text)
    SendCarYawAndSpeedToWINCC                0x08002959   Thumb Code   118  wirelessconnect.o(.text)
    SendFinishSingleTask                     0x080029cf   Thumb Code    74  wirelessconnect.o(.text)
    SuperviseCurrentYaw                      0x08002a19   Thumb Code    98  wirelessconnect.o(.text)
    SuperviseAllTaskCount                    0x08002a7b   Thumb Code   150  wirelessconnect.o(.text)
    SuperviseTaskDetail                      0x08002b11   Thumb Code    78  wirelessconnect.o(.text)
    SuperviseTaskIndexAndTargetPos           0x08002b5f   Thumb Code    78  wirelessconnect.o(.text)
    SuperviseTargetAndPresentYaw             0x08002bad   Thumb Code   132  wirelessconnect.o(.text)
    SuperviseTaskFinish                      0x08002c31   Thumb Code    72  wirelessconnect.o(.text)
    CarStop                                  0x08002c85   Thumb Code    10  carrunctrl.o(.text)
    CarForward                               0x08002c8f   Thumb Code    16  carrunctrl.o(.text)
    CarBackward                              0x08002c9f   Thumb Code    16  carrunctrl.o(.text)
    CarTurnLeft                              0x08002caf   Thumb Code    16  carrunctrl.o(.text)
    CarTurnRight                             0x08002cbf   Thumb Code    16  carrunctrl.o(.text)
    CarStopTurn                              0x08002ccf   Thumb Code    16  carrunctrl.o(.text)
    CarLeftAdjust                            0x08002cdf   Thumb Code    20  carrunctrl.o(.text)
    CarRightAdjust                           0x08002cf3   Thumb Code    20  carrunctrl.o(.text)
    SetZeroDegree                            0x08002d09   Thumb Code    12  directionmodel.o(.text)
    SetDegreeAlarm                           0x08002d15   Thumb Code    36  directionmodel.o(.text)
    GetCurrentDirection                      0x08002d39   Thumb Code    92  directionmodel.o(.text)
    main                                     0x08002dad   Thumb Code    74  main.o(.text)
    CalculateDegree                          0x08002e05   Thumb Code   396  kernelprocess.o(.text)
    CalculateDegreeDeviation                 0x08002f91   Thumb Code    60  kernelprocess.o(.text)
    LineAmend                                0x08002fcd   Thumb Code   436  kernelprocess.o(.text)
    HandleControl                            0x08003181   Thumb Code   446  kernelprocess.o(.text)
    Invsqrt                                  0x0800333f   Thumb Code    70  kernelprocess.o(.text)
    EXTI0_IRQHandler                         0x08003385   Thumb Code    22  kernelprocess.o(.text)
    __use_two_region_memory                  0x080033bd   Thumb Code     2  heapauxi.o(.text)
    __rt_heap_escrow$2region                 0x080033bf   Thumb Code     2  heapauxi.o(.text)
    __rt_heap_expand$2region                 0x080033c1   Thumb Code     2  heapauxi.o(.text)
    __user_setup_stackheap                   0x080033c3   Thumb Code    74  sys_stackheap_outer.o(.text)
    exit                                     0x0800340d   Thumb Code    12  exit.o(.text)
    __user_libspace                          0x08003419   Thumb Code     8  libspace.o(.text)
    __user_perproc_libspace                  0x08003419   Thumb Code     0  libspace.o(.text)
    __user_perthread_libspace                0x08003419   Thumb Code     0  libspace.o(.text)
    _sys_exit                                0x08003421   Thumb Code     8  sys_exit.o(.text)
    __I$use$semihosting                      0x0800342d   Thumb Code     0  use_no_semi.o(.text)
    __use_no_semihosting_swi                 0x0800342d   Thumb Code     2  use_no_semi.o(.text)
    __ARM_fpclassify                         0x0800342f   Thumb Code    40  fpclassify.o(i.__ARM_fpclassify)
    __semihosting_library_function           0x0800342f   Thumb Code     0  indicate_semi.o(.text)
    __kernel_poly                            0x08003457   Thumb Code   170  poly.o(i.__kernel_poly)
    __mathlib_dbl_underflow                  0x08003501   Thumb Code    10  dunder.o(i.__mathlib_dbl_underflow)
    atan                                     0x08003511   Thumb Code   478  atan.o(i.atan)
    __aeabi_d2f                              0x08003735   Thumb Code     0  d2f.o(x$fpl$d2f)
    _d2f                                     0x08003735   Thumb Code    98  d2f.o(x$fpl$d2f)
    __aeabi_dadd                             0x08003799   Thumb Code     0  daddsub_clz.o(x$fpl$dadd)
    _dadd                                    0x08003799   Thumb Code   332  daddsub_clz.o(x$fpl$dadd)
    __fpl_dcheck_NaN1                        0x080038e9   Thumb Code    10  dcheck1.o(x$fpl$dcheck1)
    __aeabi_ddiv                             0x080038f9   Thumb Code     0  ddiv.o(x$fpl$ddiv)
    _ddiv                                    0x080038f9   Thumb Code   552  ddiv.o(x$fpl$ddiv)
    __aeabi_dmul                             0x08003ba9   Thumb Code     0  dmul.o(x$fpl$dmul)
    _dmul                                    0x08003ba9   Thumb Code   332  dmul.o(x$fpl$dmul)
    __fpl_dnaninf                            0x08003cfd   Thumb Code   156  dnaninf.o(x$fpl$dnaninf)
    __fpl_dretinf                            0x08003d99   Thumb Code    12  dretinf.o(x$fpl$dretinf)
    __aeabi_drsub                            0x08003da5   Thumb Code     0  daddsub_clz.o(x$fpl$drsb)
    _drsb                                    0x08003da5   Thumb Code    22  daddsub_clz.o(x$fpl$drsb)
    __aeabi_dsub                             0x08003dbd   Thumb Code     0  daddsub_clz.o(x$fpl$dsub)
    _dsub                                    0x08003dbd   Thumb Code   464  daddsub_clz.o(x$fpl$dsub)
    __aeabi_f2d                              0x08003f91   Thumb Code     0  f2d.o(x$fpl$f2d)
    _f2d                                     0x08003f91   Thumb Code    86  f2d.o(x$fpl$f2d)
    __aeabi_fadd                             0x08003fe9   Thumb Code     0  faddsub_clz.o(x$fpl$fadd)
    _fadd                                    0x08003fe9   Thumb Code   196  faddsub_clz.o(x$fpl$fadd)
    __fpl_fcmp_Inf                           0x080040ad   Thumb Code    24  fcmpi.o(x$fpl$fcmpinf)
    __aeabi_fdiv                             0x080040c5   Thumb Code     0  fdiv.o(x$fpl$fdiv)
    _fdiv                                    0x080040c5   Thumb Code   384  fdiv.o(x$fpl$fdiv)
    __aeabi_f2uiz                            0x08004249   Thumb Code     0  ffixu.o(x$fpl$ffixu)
    _ffixu                                   0x08004249   Thumb Code    62  ffixu.o(x$fpl$ffixu)
    __aeabi_i2f                              0x08004289   Thumb Code     0  fflt_clz.o(x$fpl$fflt)
    _fflt                                    0x08004289   Thumb Code    48  fflt_clz.o(x$fpl$fflt)
    __aeabi_ui2f                             0x080042b9   Thumb Code     0  fflt_clz.o(x$fpl$ffltu)
    _ffltu                                   0x080042b9   Thumb Code    38  fflt_clz.o(x$fpl$ffltu)
    __aeabi_cfcmple                          0x080042e1   Thumb Code     0  fleqf.o(x$fpl$fleqf)
    _fcmple                                  0x080042e1   Thumb Code   104  fleqf.o(x$fpl$fleqf)
    __fpl_fcmple_InfNaN                      0x08004333   Thumb Code     0  fleqf.o(x$fpl$fleqf)
    __aeabi_fmul                             0x08004349   Thumb Code     0  fmul.o(x$fpl$fmul)
    _fmul                                    0x08004349   Thumb Code   258  fmul.o(x$fpl$fmul)
    __fpl_fnaninf                            0x0800444b   Thumb Code   140  fnaninf.o(x$fpl$fnaninf)
    __fpl_fretinf                            0x080044d7   Thumb Code    10  fretinf.o(x$fpl$fretinf)
    __aeabi_cfrcmple                         0x080044e1   Thumb Code     0  frleqf.o(x$fpl$frleqf)
    _frcmple                                 0x080044e1   Thumb Code    98  frleqf.o(x$fpl$frleqf)
    __aeabi_frsub                            0x08004543   Thumb Code     0  faddsub_clz.o(x$fpl$frsb)
    _frsb                                    0x08004543   Thumb Code    20  faddsub_clz.o(x$fpl$frsb)
    __aeabi_fsub                             0x08004559   Thumb Code     0  faddsub_clz.o(x$fpl$fsub)
    _fsub                                    0x08004559   Thumb Code   234  faddsub_clz.o(x$fpl$fsub)
    __fpl_return_NaN                         0x08004643   Thumb Code   100  retnan.o(x$fpl$retnan)
    __ARM_scalbn                             0x080046a7   Thumb Code    92  scalbn.o(x$fpl$scalbn)
    __fpl_cmpreturn                          0x08004703   Thumb Code    48  trapv.o(x$fpl$trapveneer)
    __I$use$fp                               0x08004732   Number         0  usenofp.o(x$fpl$usenofp)
    Region$$Table$$Base                      0x080047d0   Number         0  anon$$obj.o(Region$$Table)
    Region$$Table$$Limit                     0x080047f0   Number         0  anon$$obj.o(Region$$Table)
    SystemCoreClock                          0x20000000   Data           4  system_stm32f10x.o(.data)
    AHBPrescTable                            0x20000004   Data          16  system_stm32f10x.o(.data)
    uOuterDegreeBuffer                       0x20000028   Data           2  comcommunicate.o(.data)
    uResendTimes                             0x2000002a   Data           1  comcommunicate.o(.data)
    uGetIndex                                0x2000002b   Data           1  comcommunicate.o(.data)
    uGetDegreeIndex                          0x2000002c   Data           1  comcommunicate.o(.data)
    feedBack                                 0x2000002d   Data           3  comcommunicate.o(.data)
    bProcInSave                              0x20000030   Data           1  comcommunicate.o(.data)
    uBufferFullCount                         0x20000031   Data           1  comcommunicate.o(.data)
    bGetDirection                            0x20000032   Data           1  comcommunicate.o(.data)
    bWINCCCmdIsBusy                          0x20000033   Data           1  comcommunicate.o(.data)
    IsCarRegistered                          0x20000034   Data           1  comcommunicate.o(.data)
    NewMsgFromWINCC                          0x20000038   Data           1  wirelessconnect.o(.data)
    ApplyToRegister                          0x20000039   Data           3  wirelessconnect.o(.data)
    ErrorDuringTransfer                      0x2000003c   Data           3  wirelessconnect.o(.data)
    CarInfoBuffer                            0x2000003f   Data          10  wirelessconnect.o(.data)
    uWINCCCmd                                0x20000049   Data           6  wirelessconnect.o(.data)
    WINCCMsgCacheIndex                       0x20000050   Data           2  wirelessconnect.o(.data)
    sTemp                                    0x20000052   Data           2  wirelessconnect.o(.data)
    LatestMsgSaveIndex                       0x20000054   Data           1  wirelessconnect.o(.data)
    LatestMsgGetIndex                        0x20000055   Data           1  wirelessconnect.o(.data)
    iRealAx                                  0x20000058   Data           4  wirelessconnect.o(.data)
    iRealAy                                  0x2000005c   Data           4  wirelessconnect.o(.data)
    uGetDegreeBuffer                         0x20000060   Data           5  directionmodel.o(.data)
    uSetZeroDegree                           0x20000065   Data           5  directionmodel.o(.data)
    uSetTgDegreeBuffer                       0x2000006a   Data           5  directionmodel.o(.data)
    bReachTurnDegree                         0x2000006f   Data           1  kernelprocess.o(.data)
    EmergencyStop                            0x20000070   Data           1  kernelprocess.o(.data)
    uBuffer                                  0x20000074   Data          15  comcommunicate.o(.bss)
    carInfo                                  0x20000084   Data          16  publicdatactrl.o(.bss)
    WINCCMsgCache                            0x20000094   Data         160  wirelessconnect.o(.bss)
    TempCache                                0x20000134   Data          15  wirelessconnect.o(.bss)
    Tasks                                    0x20000144   Data          96  functions.o(.bss)
    __libspace_start                         0x200001a4   Data          96  libspace.o(.bss)
    __temporary_stack_top$libspace           0x20000204   Data           0  libspace.o(.bss)



==============================================================================

Memory Map of the image

  Image Entry point : 0x08000131

  Load Region LR_IROM1 (Base: 0x08000000, Size: 0x00004864, Max: 0x00080000, ABSOLUTE)

    Execution Region ER_IROM1 (Base: 0x08000000, Size: 0x000047f0, Max: 0x00080000, ABSOLUTE)

    Base Addr    Size         Type   Attr      Idx    E Section Name        Object

    0x08000000   0x00000130   Data   RO          116    RESET               startup_stm32f10x_hd.o
    0x08000130   0x00000008   Code   RO          945  * !!!main             c_w.l(__main.o)
    0x08000138   0x00000034   Code   RO         1176    !!!scatter          c_w.l(__scatter.o)
    0x0800016c   0x0000001a   Code   RO         1178    !!handler_copy      c_w.l(__scatter_copy.o)
    0x08000186   0x00000002   PAD
    0x08000188   0x0000001c   Code   RO         1180    !!handler_zi        c_w.l(__scatter_zi.o)
    0x080001a4   0x00000002   Code   RO         1045    .ARM.Collect$$libinit$$00000000  c_w.l(libinit.o)
    0x080001a6   0x00000000   Code   RO         1054    .ARM.Collect$$libinit$$00000002  c_w.l(libinit2.o)
    0x080001a6   0x00000000   Code   RO         1057    .ARM.Collect$$libinit$$00000008  c_w.l(libinit2.o)
    0x080001a6   0x00000000   Code   RO         1059    .ARM.Collect$$libinit$$0000000A  c_w.l(libinit2.o)
    0x080001a6   0x00000000   Code   RO         1061    .ARM.Collect$$libinit$$0000000C  c_w.l(libinit2.o)
    0x080001a6   0x00000000   Code   RO         1064    .ARM.Collect$$libinit$$0000000F  c_w.l(libinit2.o)
    0x080001a6   0x00000000   Code   RO         1066    .ARM.Collect$$libinit$$00000011  c_w.l(libinit2.o)
    0x080001a6   0x00000000   Code   RO         1068    .ARM.Collect$$libinit$$00000013  c_w.l(libinit2.o)
    0x080001a6   0x00000000   Code   RO         1070    .ARM.Collect$$libinit$$00000015  c_w.l(libinit2.o)
    0x080001a6   0x00000000   Code   RO         1072    .ARM.Collect$$libinit$$00000017  c_w.l(libinit2.o)
    0x080001a6   0x00000000   Code   RO         1074    .ARM.Collect$$libinit$$00000019  c_w.l(libinit2.o)
    0x080001a6   0x00000000   Code   RO         1076    .ARM.Collect$$libinit$$0000001B  c_w.l(libinit2.o)
    0x080001a6   0x00000000   Code   RO         1078    .ARM.Collect$$libinit$$0000001D  c_w.l(libinit2.o)
    0x080001a6   0x00000000   Code   RO         1080    .ARM.Collect$$libinit$$0000001F  c_w.l(libinit2.o)
    0x080001a6   0x00000000   Code   RO         1082    .ARM.Collect$$libinit$$00000021  c_w.l(libinit2.o)
    0x080001a6   0x00000000   Code   RO         1084    .ARM.Collect$$libinit$$00000023  c_w.l(libinit2.o)
    0x080001a6   0x00000000   Code   RO         1088    .ARM.Collect$$libinit$$0000002A  c_w.l(libinit2.o)
    0x080001a6   0x00000000   Code   RO         1090    .ARM.Collect$$libinit$$0000002C  c_w.l(libinit2.o)
    0x080001a6   0x00000000   Code   RO         1092    .ARM.Collect$$libinit$$0000002E  c_w.l(libinit2.o)
    0x080001a6   0x00000000   Code   RO         1094    .ARM.Collect$$libinit$$00000030  c_w.l(libinit2.o)
    0x080001a6   0x00000002   Code   RO         1095    .ARM.Collect$$libinit$$00000031  c_w.l(libinit2.o)
    0x080001a8   0x00000002   Code   RO         1117    .ARM.Collect$$libshutdown$$00000000  c_w.l(libshutdown.o)
    0x080001aa   0x00000000   Code   RO         1131    .ARM.Collect$$libshutdown$$00000003  c_w.l(libshutdown2.o)
    0x080001aa   0x00000000   Code   RO         1134    .ARM.Collect$$libshutdown$$00000006  c_w.l(libshutdown2.o)
    0x080001aa   0x00000000   Code   RO         1137    .ARM.Collect$$libshutdown$$00000009  c_w.l(libshutdown2.o)
    0x080001aa   0x00000000   Code   RO         1139    .ARM.Collect$$libshutdown$$0000000B  c_w.l(libshutdown2.o)
    0x080001aa   0x00000000   Code   RO         1142    .ARM.Collect$$libshutdown$$0000000E  c_w.l(libshutdown2.o)
    0x080001aa   0x00000002   Code   RO         1143    .ARM.Collect$$libshutdown$$0000000F  c_w.l(libshutdown2.o)
    0x080001ac   0x00000000   Code   RO          999    .ARM.Collect$$rtentry$$00000000  c_w.l(rtentry.o)
    0x080001ac   0x00000000   Code   RO         1020    .ARM.Collect$$rtentry$$00000002  c_w.l(rtentry2.o)
    0x080001ac   0x00000006   Code   RO         1032    .ARM.Collect$$rtentry$$00000004  c_w.l(rtentry4.o)
    0x080001b2   0x00000000   Code   RO         1022    .ARM.Collect$$rtentry$$00000009  c_w.l(rtentry2.o)
    0x080001b2   0x00000004   Code   RO         1023    .ARM.Collect$$rtentry$$0000000A  c_w.l(rtentry2.o)
    0x080001b6   0x00000000   Code   RO         1025    .ARM.Collect$$rtentry$$0000000C  c_w.l(rtentry2.o)
    0x080001b6   0x00000008   Code   RO         1026    .ARM.Collect$$rtentry$$0000000D  c_w.l(rtentry2.o)
    0x080001be   0x00000002   Code   RO         1051    .ARM.Collect$$rtexit$$00000000  c_w.l(rtexit.o)
    0x080001c0   0x00000000   Code   RO         1099    .ARM.Collect$$rtexit$$00000002  c_w.l(rtexit2.o)
    0x080001c0   0x00000004   Code   RO         1100    .ARM.Collect$$rtexit$$00000003  c_w.l(rtexit2.o)
    0x080001c4   0x00000006   Code   RO         1101    .ARM.Collect$$rtexit$$00000004  c_w.l(rtexit2.o)
    0x080001ca   0x00000002   PAD
    0x080001cc   0x000001e0   Code   RO           17    .text               system_stm32f10x.o
    0x080003ac   0x00000040   Code   RO          117    .text               startup_stm32f10x_hd.o
    0x080003ec   0x000000dc   Code   RO          121    .text               misc.o
    0x080004c8   0x0000011c   Code   RO          228    .text               stm32f10x_exti.o
    0x080005e4   0x0000035c   Code   RO          264    .text               stm32f10x_gpio.o
    0x08000940   0x000003a4   Code   RO          300    .text               stm32f10x_rcc.o
    0x08000ce4   0x00000e1a   Code   RO          338    .text               stm32f10x_tim.o
    0x08001afe   0x00000002   PAD
    0x08001b00   0x00000408   Code   RO          350    .text               stm32f10x_usart.o
    0x08001f08   0x0000036c   Code   RO          362    .text               comcommunicate.o
    0x08002274   0x0000001a   Code   RO          388    .text               stm32f10x_it.o
    0x0800228e   0x00000002   PAD
    0x08002290   0x0000025c   Code   RO          407    .text               wheelctrl.o
    0x080024ec   0x00000198   Code   RO          432    .text               publicdatactrl.o
    0x08002684   0x00000040   Code   RO          447    .text               time.o
    0x080026c4   0x000005c0   Code   RO          598    .text               wirelessconnect.o
    0x08002c84   0x00000082   Code   RO          686    .text               carrunctrl.o
    0x08002d06   0x00000002   PAD
    0x08002d08   0x000000a4   Code   RO          722    .text               directionmodel.o
    0x08002dac   0x00000058   Code   RO          800    .text               main.o
    0x08002e04   0x000005b8   Code   RO          912    .text               kernelprocess.o
    0x080033bc   0x00000006   Code   RO          943    .text               c_w.l(heapauxi.o)
    0x080033c2   0x0000004a   Code   RO         1036    .text               c_w.l(sys_stackheap_outer.o)
    0x0800340c   0x0000000c   Code   RO         1038    .text               c_w.l(exit.o)
    0x08003418   0x00000008   Code   RO         1048    .text               c_w.l(libspace.o)
    0x08003420   0x0000000c   Code   RO         1109    .text               c_w.l(sys_exit.o)
    0x0800342c   0x00000002   Code   RO         1120    .text               c_w.l(use_no_semi.o)
    0x0800342e   0x00000000   Code   RO         1122    .text               c_w.l(indicate_semi.o)
    0x0800342e   0x00000028   Code   RO         1015    i.__ARM_fpclassify  m_ws.l(fpclassify.o)
    0x08003456   0x000000aa   Code   RO         1017    i.__kernel_poly     m_ws.l(poly.o)
    0x08003500   0x00000010   Code   RO         1013    i.__mathlib_dbl_underflow  m_ws.l(dunder.o)
    0x08003510   0x00000224   Code   RO          990    i.atan              m_ws.l(atan.o)
    0x08003734   0x00000062   Code   RO          947    x$fpl$d2f           fz_ws.l(d2f.o)
    0x08003796   0x00000002   PAD
    0x08003798   0x00000150   Code   RO          949    x$fpl$dadd          fz_ws.l(daddsub_clz.o)
    0x080038e8   0x00000010   Code   RO         1034    x$fpl$dcheck1       fz_ws.l(dcheck1.o)
    0x080038f8   0x000002b0   Code   RO          956    x$fpl$ddiv          fz_ws.l(ddiv.o)
    0x08003ba8   0x00000154   Code   RO          959    x$fpl$dmul          fz_ws.l(dmul.o)
    0x08003cfc   0x0000009c   Code   RO         1000    x$fpl$dnaninf       fz_ws.l(dnaninf.o)
    0x08003d98   0x0000000c   Code   RO         1002    x$fpl$dretinf       fz_ws.l(dretinf.o)
    0x08003da4   0x00000016   Code   RO          950    x$fpl$drsb          fz_ws.l(daddsub_clz.o)
    0x08003dba   0x00000002   PAD
    0x08003dbc   0x000001d4   Code   RO          951    x$fpl$dsub          fz_ws.l(daddsub_clz.o)
    0x08003f90   0x00000056   Code   RO          961    x$fpl$f2d           fz_ws.l(f2d.o)
    0x08003fe6   0x00000002   PAD
    0x08003fe8   0x000000c4   Code   RO          963    x$fpl$fadd          fz_ws.l(faddsub_clz.o)
    0x080040ac   0x00000018   Code   RO         1004    x$fpl$fcmpinf       fz_ws.l(fcmpi.o)
    0x080040c4   0x00000184   Code   RO          970    x$fpl$fdiv          fz_ws.l(fdiv.o)
    0x08004248   0x0000003e   Code   RO          973    x$fpl$ffixu         fz_ws.l(ffixu.o)
    0x08004286   0x00000002   PAD
    0x08004288   0x00000030   Code   RO          978    x$fpl$fflt          fz_ws.l(fflt_clz.o)
    0x080042b8   0x00000026   Code   RO          977    x$fpl$ffltu         fz_ws.l(fflt_clz.o)
    0x080042de   0x00000002   PAD
    0x080042e0   0x00000068   Code   RO          983    x$fpl$fleqf         fz_ws.l(fleqf.o)
    0x08004348   0x00000102   Code   RO          985    x$fpl$fmul          fz_ws.l(fmul.o)
    0x0800444a   0x0000008c   Code   RO         1006    x$fpl$fnaninf       fz_ws.l(fnaninf.o)
    0x080044d6   0x0000000a   Code   RO         1008    x$fpl$fretinf       fz_ws.l(fretinf.o)
    0x080044e0   0x00000062   Code   RO          987    x$fpl$frleqf        fz_ws.l(frleqf.o)
    0x08004542   0x00000014   Code   RO          964    x$fpl$frsb          fz_ws.l(faddsub_clz.o)
    0x08004556   0x00000002   PAD
    0x08004558   0x000000ea   Code   RO          965    x$fpl$fsub          fz_ws.l(faddsub_clz.o)
    0x08004642   0x00000064   Code   RO         1046    x$fpl$retnan        fz_ws.l(retnan.o)
    0x080046a6   0x0000005c   Code   RO         1010    x$fpl$scalbn        fz_ws.l(scalbn.o)
    0x08004702   0x00000030   Code   RO         1096    x$fpl$trapveneer    fz_ws.l(trapv.o)
    0x08004732   0x00000000   Code   RO         1012    x$fpl$usenofp       fz_ws.l(usenofp.o)
    0x08004732   0x00000006   PAD
    0x08004738   0x00000098   Data   RO          991    .constdata          m_ws.l(atan.o)
    0x080047d0   0x00000020   Data   RO         1174    Region$$Table       anon$$obj.o


    Execution Region RW_IRAM1 (Base: 0x20000000, Size: 0x00000808, Max: 0x00010000, ABSOLUTE)

    Base Addr    Size         Type   Attr      Idx    E Section Name        Object

    0x20000000   0x00000014   Data   RW           18    .data               system_stm32f10x.o
    0x20000014   0x00000014   Data   RW          301    .data               stm32f10x_rcc.o
    0x20000028   0x0000000d   Data   RW          364    .data               comcommunicate.o
    0x20000035   0x00000003   PAD
    0x20000038   0x00000028   Data   RW          600    .data               wirelessconnect.o
    0x20000060   0x0000000f   Data   RW          723    .data               directionmodel.o
    0x2000006f   0x00000002   Data   RW          913    .data               kernelprocess.o
    0x20000071   0x00000003   PAD
    0x20000074   0x0000000f   Zero   RW          363    .bss                comcommunicate.o
    0x20000083   0x00000001   PAD
    0x20000084   0x00000010   Zero   RW          433    .bss                publicdatactrl.o
    0x20000094   0x000000af   Zero   RW          599    .bss                wirelessconnect.o
    0x20000143   0x00000001   PAD
    0x20000144   0x00000060   Zero   RW          881    .bss                functions.o
    0x200001a4   0x00000060   Zero   RW         1049    .bss                c_w.l(libspace.o)
    0x20000204   0x00000004   PAD
    0x20000208   0x00000200   Zero   RW          115    HEAP                startup_stm32f10x_hd.o
    0x20000408   0x00000400   Zero   RW          114    STACK               startup_stm32f10x_hd.o


==============================================================================

Image component sizes


      Code (inc. data)   RO Data    RW Data    ZI Data      Debug   Object Name

       130          0          0          0          0       1567   carrunctrl.o
       876         58          0         13         15       5155   comcommunicate.o
         0          0          0          0          0       4304   core_cm3.o
       164         24          0         15          0       3279   directionmodel.o
         0          0          0          0         96       3842   functions.o
      1464         98          0          2          0       3241   kernelprocess.o
        88         14          0          0          0       2611   main.o
       220         22          0          0          0     209157   misc.o
       408          4          0          0         16       3131   publicdatactrl.o
        64         26        304          0       1536        888   startup_stm32f10x_hd.o
       284         10          0          0          0       2339   stm32f10x_exti.o
       860         38          0          0          0       5749   stm32f10x_gpio.o
        26          0          0          0          0       1226   stm32f10x_it.o
       932         36          0         20          0       8948   stm32f10x_rcc.o
      3610         88          0          0          0      22236   stm32f10x_tim.o
      1032         22          0          0          0       8480   stm32f10x_usart.o
       480         38          0         20          0      45899   system_stm32f10x.o
        64          6          0          0          0       1344   time.o
       604         20          0          0          0       3092   wheelctrl.o
      1472         90          0         40        175       6920   wirelessconnect.o

    ----------------------------------------------------------------------
     12784        594        336        116       1840     343408   Object Totals
         0          0         32          0          0          0   (incl. Generated)
         6          0          0          6          2          0   (incl. Padding)

    ----------------------------------------------------------------------

      Code (inc. data)   RO Data    RW Data    ZI Data      Debug   Library Member Name

         8          0          0          0          0         68   __main.o
        52          8          0          0          0          0   __scatter.o
        26          0          0          0          0          0   __scatter_copy.o
        28          0          0          0          0          0   __scatter_zi.o
        12          0          0          0          0         72   exit.o
         6          0          0          0          0        152   heapauxi.o
         0          0          0          0          0          0   indicate_semi.o
         2          0          0          0          0          0   libinit.o
         2          0          0          0          0          0   libinit2.o
         2          0          0          0          0          0   libshutdown.o
         2          0          0          0          0          0   libshutdown2.o
         8          4          0          0         96         68   libspace.o
         0          0          0          0          0          0   rtentry.o
        12          0          0          0          0          0   rtentry2.o
         6          0          0          0          0          0   rtentry4.o
         2          0          0          0          0          0   rtexit.o
        10          0          0          0          0          0   rtexit2.o
        12          4          0          0          0         68   sys_exit.o
        74          0          0          0          0         80   sys_stackheap_outer.o
         2          0          0          0          0         68   use_no_semi.o
        98          4          0          0          0         92   d2f.o
       826         16          0          0          0        348   daddsub_clz.o
        16          4          0          0          0         68   dcheck1.o
       688        140          0          0          0        208   ddiv.o
       340         12          0          0          0        104   dmul.o
       156          4          0          0          0         92   dnaninf.o
        12          0          0          0          0         68   dretinf.o
        86          4          0          0          0         84   f2d.o
       450          8          0          0          0        236   faddsub_clz.o
        24          0          0          0          0         68   fcmpi.o
       388         76          0          0          0         96   fdiv.o
        62          4          0          0          0         84   ffixu.o
        86          0          0          0          0        136   fflt_clz.o
       104          4          0          0          0         84   fleqf.o
       258          4          0          0          0         84   fmul.o
       140          4          0          0          0         84   fnaninf.o
        10          0          0          0          0         68   fretinf.o
        98          0          0          0          0         68   frleqf.o
       100          0          0          0          0         68   retnan.o
        92          0          0          0          0         68   scalbn.o
        48          0          0          0          0         68   trapv.o
         0          0          0          0          0          0   usenofp.o
       548         70        152          0          0        124   atan.o
        16          6          0          0          0         68   dunder.o
        40          0          0          0          0         68   fpclassify.o
       170          0          0          0          0         96   poly.o

    ----------------------------------------------------------------------
      5144        376        152          0        100       3208   Library Totals
        22          0          0          0          4          0   (incl. Padding)

    ----------------------------------------------------------------------

      Code (inc. data)   RO Data    RW Data    ZI Data      Debug   Library Name

       266         16          0          0         96        576   c_w.l
      4082        284          0          0          0       2276   fz_ws.l
       774         76        152          0          0        356   m_ws.l

    ----------------------------------------------------------------------
      5144        376        152          0        100       3208   Library Totals

    ----------------------------------------------------------------------

==============================================================================


      Code (inc. data)   RO Data    RW Data    ZI Data      Debug   

     17928        970        488        116       1940     343388   Grand Totals
     17928        970        488        116       1940     343388   ELF Image Totals
     17928        970        488        116          0          0   ROM Totals

==============================================================================

    Total RO  Size (Code + RO Data)                18416 (  17.98kB)
    Total RW  Size (RW Data + ZI Data)              2056 (   2.01kB)
    Total ROM Size (Code + RO Data + RW Data)      18532 (  18.10kB)

==============================================================================

